Component: Arm Compiler for Embedded 6.19 Tool: armlink [5e73cb00]

==============================================================================

Section Cross References

    startup_stm32u575xx.o(STACK) refers (Special) to heapauxi.o(.text) for __use_two_region_memory
    startup_stm32u575xx.o(HEAP) refers (Special) to heapauxi.o(.text) for __use_two_region_memory
    startup_stm32u575xx.o(RESET) refers (Special) to heapauxi.o(.text) for __use_two_region_memory
    startup_stm32u575xx.o(RESET) refers to startup_stm32u575xx.o(STACK) for __initial_sp
    startup_stm32u575xx.o(RESET) refers to startup_stm32u575xx.o(.text) for Reset_Handler
    startup_stm32u575xx.o(RESET) refers to stm32u5xx_it.o(.text.NMI_Handler) for NMI_Handler
    startup_stm32u575xx.o(RESET) refers to stm32u5xx_it.o(.text.HardFault_Handler) for HardFault_Handler
    startup_stm32u575xx.o(RESET) refers to stm32u5xx_it.o(.text.MemManage_Handler) for MemManage_Handler
    startup_stm32u575xx.o(RESET) refers to stm32u5xx_it.o(.text.BusFault_Handler) for BusFault_Handler
    startup_stm32u575xx.o(RESET) refers to stm32u5xx_it.o(.text.UsageFault_Handler) for UsageFault_Handler
    startup_stm32u575xx.o(RESET) refers to stm32u5xx_it.o(.text.SVC_Handler) for SVC_Handler
    startup_stm32u575xx.o(RESET) refers to stm32u5xx_it.o(.text.DebugMon_Handler) for DebugMon_Handler
    startup_stm32u575xx.o(RESET) refers to stm32u5xx_it.o(.text.PendSV_Handler) for PendSV_Handler
    startup_stm32u575xx.o(RESET) refers to stm32u5xx_it.o(.text.SysTick_Handler) for SysTick_Handler
    startup_stm32u575xx.o(RESET) refers to stm32u5xx_it.o(.text.OTG_FS_IRQHandler) for OTG_FS_IRQHandler
    startup_stm32u575xx.o(RESET) refers to stm32u5xx_it.o(.text.ICACHE_IRQHandler) for ICACHE_IRQHandler
    startup_stm32u575xx.o(.text) refers (Special) to heapauxi.o(.text) for __use_two_region_memory
    startup_stm32u575xx.o(.text) refers to system_stm32u5xx.o(.text.SystemInit) for SystemInit
    startup_stm32u575xx.o(.text) refers to __main.o(!!!main) for __main
    startup_stm32u575xx.o(.text) refers to startup_stm32u575xx.o(HEAP) for Heap_Mem
    startup_stm32u575xx.o(.text) refers to startup_stm32u575xx.o(STACK) for Stack_Mem
    main.o(.text.main) refers to stm32u5xx_hal.o(.text.HAL_Init) for HAL_Init
    main.o(.text.main) refers to main.o(.text.SystemClock_Config) for SystemClock_Config
    main.o(.text.main) refers to stm32u5xx_hal_pwr_ex.o(.text.HAL_PWREx_EnableVddIO2) for HAL_PWREx_EnableVddIO2
    main.o(.text.main) refers to stm32u5xx_hal_pwr_ex.o(.text.HAL_PWREx_ConfigSupply) for HAL_PWREx_ConfigSupply
    main.o(.text.main) refers to gpio.o(.text.MX_GPIO_Init) for MX_GPIO_Init
    main.o(.text.main) refers to adc.o(.text.MX_ADC1_Init) for MX_ADC1_Init
    main.o(.text.main) refers to spi.o(.text.MX_SPI1_Init) for MX_SPI1_Init
    main.o(.text.main) refers to ucpd.o(.text.MX_UCPD1_Init) for MX_UCPD1_Init
    main.o(.text.main) refers to usart.o(.text.MX_USART1_UART_Init) for MX_USART1_UART_Init
    main.o(.text.main) refers to usb_otg.o(.text.MX_USB_OTG_FS_PCD_Init) for MX_USB_OTG_FS_PCD_Init
    main.o(.text.main) refers to icache.o(.text.MX_ICACHE_Init) for MX_ICACHE_Init
    main.o(.text.main) refers to octospi.o(.text.MX_OCTOSPI1_Init) for MX_OCTOSPI1_Init
    main.o(.text.main) refers to octospi.o(.text.OSPI_WRITE_W25M02IG) for OSPI_WRITE_W25M02IG
    main.o(.text.main) refers to octospi.o(.text.OSPI_READ_W25M02IG) for OSPI_READ_W25M02IG
    main.o(.ARM.exidx.text.main) refers to main.o(.text.main) for [Anonymous Symbol]
    main.o(.text.SystemClock_Config) refers to rt_memclr_w.o(.text) for __aeabi_memclr4
    main.o(.text.SystemClock_Config) refers to stm32u5xx_hal_pwr_ex.o(.text.HAL_PWREx_ControlVoltageScaling) for HAL_PWREx_ControlVoltageScaling
    main.o(.text.SystemClock_Config) refers to stm32u5xx_hal_rcc.o(.text.HAL_RCC_OscConfig) for HAL_RCC_OscConfig
    main.o(.text.SystemClock_Config) refers to stm32u5xx_hal_rcc.o(.text.HAL_RCC_ClockConfig) for HAL_RCC_ClockConfig
    main.o(.ARM.exidx.text.SystemClock_Config) refers to main.o(.text.SystemClock_Config) for [Anonymous Symbol]
    main.o(.ARM.exidx.text.Error_Handler) refers to main.o(.text.Error_Handler) for [Anonymous Symbol]
    gpio.o(.text.MX_GPIO_Init) refers to stm32u5xx_hal_gpio.o(.text.HAL_GPIO_WritePin) for HAL_GPIO_WritePin
    gpio.o(.text.MX_GPIO_Init) refers to stm32u5xx_hal_gpio.o(.text.HAL_GPIO_Init) for HAL_GPIO_Init
    gpio.o(.ARM.exidx.text.MX_GPIO_Init) refers to gpio.o(.text.MX_GPIO_Init) for [Anonymous Symbol]
    adc.o(.text.MX_ADC1_Init) refers to adc.o(.bss.hadc1) for hadc1
    adc.o(.text.MX_ADC1_Init) refers to stm32u5xx_hal_adc.o(.text.HAL_ADC_Init) for HAL_ADC_Init
    adc.o(.text.MX_ADC1_Init) refers to main.o(.text.Error_Handler) for Error_Handler
    adc.o(.ARM.exidx.text.MX_ADC1_Init) refers to adc.o(.text.MX_ADC1_Init) for [Anonymous Symbol]
[...]
    .ARM.Collect$$libinit$$00000030          0x080002ae   Section        0  libinit2.o(.ARM.Collect$$libinit$$00000030)
    .ARM.Collect$$libinit$$00000032          0x080002ae   Section        0  libinit2.o(.ARM.Collect$$libinit$$00000032)
    .ARM.Collect$$libinit$$00000034          0x080002ae   Section        0  libinit2.o(.ARM.Collect$$libinit$$00000034)
    .ARM.Collect$$libinit$$00000035          0x080002ae   Section        2  libinit2.o(.ARM.Collect$$libinit$$00000035)
    .ARM.Collect$$libshutdown$$00000000      0x080002b0   Section        2  libshutdown.o(.ARM.Collect$$libshutdown$$00000000)
    .ARM.Collect$$libshutdown$$00000002      0x080002b2   Section        0  libshutdown2.o(.ARM.Collect$$libshutdown$$00000002)
    .ARM.Collect$$libshutdown$$00000004      0x080002b2   Section        0  libshutdown2.o(.ARM.Collect$$libshutdown$$00000004)
    .ARM.Collect$$libshutdown$$00000007      0x080002b2   Section        0  libshutdown2.o(.ARM.Collect$$libshutdown$$00000007)
    .ARM.Collect$$libshutdown$$0000000A      0x080002b2   Section        0  libshutdown2.o(.ARM.Collect$$libshutdown$$0000000A)
    .ARM.Collect$$libshutdown$$0000000C      0x080002b2   Section        0  libshutdown2.o(.ARM.Collect$$libshutdown$$0000000C)
    .ARM.Collect$$libshutdown$$0000000F      0x080002b2   Section        0  libshutdown2.o(.ARM.Collect$$libshutdown$$0000000F)
    .ARM.Collect$$libshutdown$$00000010      0x080002b2   Section        2  libshutdown2.o(.ARM.Collect$$libshutdown$$00000010)
    .ARM.Collect$$rtentry$$00000000          0x080002b4   Section        0  __rtentry.o(.ARM.Collect$$rtentry$$00000000)
    .ARM.Collect$$rtentry$$00000002          0x080002b4   Section        0  __rtentry2.o(.ARM.Collect$$rtentry$$00000002)
    .ARM.Collect$$rtentry$$00000004          0x080002b4   Section        6  __rtentry4.o(.ARM.Collect$$rtentry$$00000004)
    .ARM.Collect$$rtentry$$00000009          0x080002ba   Section        0  __rtentry2.o(.ARM.Collect$$rtentry$$00000009)
    .ARM.Collect$$rtentry$$0000000A          0x080002ba   Section        4  __rtentry2.o(.ARM.Collect$$rtentry$$0000000A)
    .ARM.Collect$$rtentry$$0000000C          0x080002be   Section        0  __rtentry2.o(.ARM.Collect$$rtentry$$0000000C)
    .ARM.Collect$$rtentry$$0000000D          0x080002be   Section        8  __rtentry2.o(.ARM.Collect$$rtentry$$0000000D)
    .ARM.Collect$$rtexit$$00000000           0x080002c6   Section        2  rtexit.o(.ARM.Collect$$rtexit$$00000000)
    .ARM.Collect$$rtexit$$00000002           0x080002c8   Section        0  rtexit2.o(.ARM.Collect$$rtexit$$00000002)
    .ARM.Collect$$rtexit$$00000003           0x080002c8   Section        4  rtexit2.o(.ARM.Collect$$rtexit$$00000003)
    .ARM.Collect$$rtexit$$00000004           0x080002cc   Section        6  rtexit2.o(.ARM.Collect$$rtexit$$00000004)
    $v0                                      0x080002d4   Number         0  startup_stm32u575xx.o(.text)
    .text                                    0x080002d4   Section       68  startup_stm32u575xx.o(.text)
    .text                                    0x08000318   Section      240  lludivv7m.o(.text)
    .text                                    0x08000408   Section       78  rt_memclr_w.o(.text)
    .text                                    0x08000456   Section        0  heapauxi.o(.text)
    .text                                    0x0800045c   Section       74  sys_stackheap_outer.o(.text)
    .text                                    0x080004a6   Section        0  exit.o(.text)
    .text                                    0x080004b8   Section        8  libspace.o(.text)
    .text                                    0x080004c0   Section        0  sys_exit.o(.text)
    .text                                    0x080004cc   Section        2  use_no_semi.o(.text)
    .text                                    0x080004ce   Section        0  indicate_semi.o(.text)
    [Anonymous Symbol]                       0x080004d0   Section        0  stm32u5xx_it.o(.text.BusFault_Handler)
    [Anonymous Symbol]                       0x080004d4   Section        0  stm32u5xx_it.o(.text.DebugMon_Handler)
    [Anonymous Symbol]                       0x080004d8   Section        0  main.o(.text.Error_Handler)
    [Anonymous Symbol]                       0x080004e4   Section        0  stm32u5xx_hal_adc.o(.text.HAL_ADC_Init)
    [Anonymous Symbol]                       0x080008f0   Section        0  adc.o(.text.HAL_ADC_MspInit)
    [Anonymous Symbol]                       0x0800097c   Section        0  stm32u5xx_hal_dma.o(.text.HAL_DMA_Abort)
    [Anonymous Symbol]                       0x08000a24   Section        0  stm32u5xx_hal.o(.text.HAL_Delay)
    [Anonymous Symbol]                       0x08000a4c   Section        0  stm32u5xx_hal_gpio.o(.text.HAL_GPIO_Init)
    [Anonymous Symbol]                       0x08000ca0   Section        0  stm32u5xx_hal_gpio.o(.text.HAL_GPIO_TogglePin)
    [Anonymous Symbol]                       0x08000cb0   Section        0  stm32u5xx_hal_gpio.o(.text.HAL_GPIO_WritePin)
    [Anonymous Symbol]                       0x08000cbc   Section        0  stm32u5xx_hal.o(.text.HAL_GetTick)
    [Anonymous Symbol]                       0x08000cc8   Section        0  stm32u5xx_hal_icache.o(.text.HAL_ICACHE_ConfigAssociativityMode)
    [Anonymous Symbol]                       0x08000ce8   Section        0  stm32u5xx_hal_icache.o(.text.HAL_ICACHE_Enable)
    [Anonymous Symbol]                       0x08000cfc   Section        0  stm32u5xx_hal_icache.o(.text.HAL_ICACHE_ErrorCallback)
    [Anonymous Symbol]                       0x08000d00   Section        0  stm32u5xx_hal_icache.o(.text.HAL_ICACHE_IRQHandler)
    [Anonymous Symbol]                       0x08000d44   Section        0  stm32u5xx_hal_icache.o(.text.HAL_ICACHE_InvalidateCompleteCallback)
    [Anonymous Symbol]                       0x08000d48   Section        0  stm32u5xx_hal.o(.text.HAL_IncTick)
    [Anonymous Symbol]                       0x08000d64   Section        0  stm32u5xx_hal.o(.text.HAL_Init)
    [Anonymous Symbol]                       0x08000dbc   Section        0  stm32u5xx_hal.o(.text.HAL_InitTick)
    [Anonymous Symbol]                       0x08000e0c   Section        0  stm32u5xx_hal_msp.o(.text.HAL_MspInit)
    [Anonymous Symbol]                       0x08000e48   Section        0  stm32u5xx_hal_cortex.o(.text.HAL_NVIC_EnableIRQ)
    [Anonymous Symbol]                       0x08000e70   Section        0  stm32u5xx_hal_cortex.o(.text.HAL_NVIC_SetPriority)
    [Anonymous Symbol]                       0x08000ec8   Section        0  stm32u5xx_hal_cortex.o(.text.HAL_NVIC_SetPriorityGrouping)
    [Anonymous Symbol]                       0x08000ee8   Section        0  stm32u5xx_hal_ospi.o(.text.HAL_OSPIM_Config)
    [Anonymous Symbol]                       0x080014cc   Section        0  stm32u5xx_hal_ospi.o(.text.HAL_OSPI_Abort)
    [Anonymous Symbol]                       0x080015f0   Section        0  stm32u5xx_hal_ospi.o(.text.HAL_OSPI_Command)
    [Anonymous Symbol]                       0x0800175c   Section        0  stm32u5xx_hal_ospi.o(.text.HAL_OSPI_DLYB_SetConfig)
    [Anonymous Symbol]                       0x080017d4   Section        0  stm32u5xx_hal_ospi.o(.text.HAL_OSPI_Init)
    [Anonymous Symbol]                       0x08001904   Section        0  octospi.o(.text.HAL_OSPI_MspInit)
    [Anonymous Symbol]                       0x080019fc   Section        0  stm32u5xx_hal_ospi.o(.text.HAL_OSPI_Receive)
    [Anonymous Symbol]                       0x08001b8c   Section        0  stm32u5xx_hal_ospi.o(.text.HAL_OSPI_Transmit)
    [Anonymous Symbol]                       0x08001ce8   Section        0  stm32u5xx_hal_pcd_ex.o(.text.HAL_PCDEx_ActivateLPM)
    [Anonymous Symbol]                       0x08001d10   Section        0  stm32u5xx_hal_pcd_ex.o(.text.HAL_PCDEx_LPM_Callback)
    [Anonymous Symbol]                       0x08001d14   Section        0  stm32u5xx_hal_pcd.o(.text.HAL_PCD_ConnectCallback)
    [Anonymous Symbol]                       0x08001d18   Section        0  stm32u5xx_hal_pcd.o(.text.HAL_PCD_DataInStageCallback)
    [Anonymous Symbol]                       0x08001d1c   Section        0  stm32u5xx_hal_pcd.o(.text.HAL_PCD_DataOutStageCallback)
    [Anonymous Symbol]                       0x08001d20   Section        0  stm32u5xx_hal_pcd.o(.text.HAL_PCD_DisconnectCallback)
    [Anonymous Symbol]                       0x08001d24   Section        0  stm32u5xx_hal_pcd.o(.text.HAL_PCD_IRQHandler)
    [Anonymous Symbol]                       0x080026c0   Section        0  stm32u5xx_hal_pcd.o(.text.HAL_PCD_ISOINIncompleteCallback)
    [Anonymous Symbol]                       0x080026c4   Section        0  stm32u5xx_hal_pcd.o(.text.HAL_PCD_ISOOUTIncompleteCallback)
    [Anonymous Symbol]                       0x080026c8   Section        0  stm32u5xx_hal_pcd.o(.text.HAL_PCD_Init)
    [Anonymous Symbol]                       0x08002808   Section        0  usb_otg.o(.text.HAL_PCD_MspInit)
    [Anonymous Symbol]                       0x080028cc   Section        0  stm32u5xx_hal_pcd.o(.text.HAL_PCD_ResetCallback)
    [Anonymous Symbol]                       0x080028d0   Section        0  stm32u5xx_hal_pcd.o(.text.HAL_PCD_ResumeCallback)
    [Anonymous Symbol]                       0x080028d4   Section        0  stm32u5xx_hal_pcd.o(.text.HAL_PCD_SOFCallback)
    [Anonymous Symbol]                       0x080028d8   Section        0  stm32u5xx_hal_pcd.o(.text.HAL_PCD_SetupStageCallback)
    [Anonymous Symbol]                       0x080028dc   Section        0  stm32u5xx_hal_pcd.o(.text.HAL_PCD_SuspendCallback)
    [Anonymous Symbol]                       0x080028e0   Section        0  stm32u5xx_hal_pwr_ex.o(.text.HAL_PWREx_ConfigSupply)
    [Anonymous Symbol]                       0x080029a0   Section        0  stm32u5xx_hal_pwr_ex.o(.text.HAL_PWREx_ControlVoltageScaling)
    [Anonymous Symbol]                       0x08002a84   Section        0  stm32u5xx_hal_pwr_ex.o(.text.HAL_PWREx_EnableVddIO2)
    [Anonymous Symbol]                       0x08002a98   Section        0  stm32u5xx_hal_pwr_ex.o(.text.HAL_PWREx_EnableVddUSB)
    [Anonymous Symbol]                       0x08002aac   Section        0  stm32u5xx_hal_pwr_ex.o(.text.HAL_PWREx_GetVoltageRange)
    [Anonymous Symbol]                       0x08002abc   Section        0  stm32u5xx_hal_rcc_ex.o(.text.HAL_RCCEx_GetPLL1ClockFreq)
    [Anonymous Symbol]                       0x08002c54   Section        0  stm32u5xx_hal_rcc_ex.o(.text.HAL_RCCEx_GetPLL2ClockFreq)
    [Anonymous Symbol]                       0x08002dec   Section        0  stm32u5xx_hal_rcc_ex.o(.text.HAL_RCCEx_GetPLL3ClockFreq)
    [Anonymous Symbol]                       0x08002f84   Section        0  stm32u5xx_hal_rcc_ex.o(.text.HAL_RCCEx_GetPeriphCLKFreq)
    [Anonymous Symbol]                       0x08003888   Section        0  stm32u5xx_hal_rcc_ex.o(.text.HAL_RCCEx_PeriphCLKConfig)
    [Anonymous Symbol]                       0x08003ee0   Section        0  stm32u5xx_hal_rcc.o(.text.HAL_RCC_ClockConfig)
    [Anonymous Symbol]                       0x080041e0   Section        0  stm32u5xx_hal_rcc.o(.text.HAL_RCC_GetHCLKFreq)
    [Anonymous Symbol]                       0x0800420c   Section        0  stm32u5xx_hal_rcc.o(.text.HAL_RCC_GetPCLK1Freq)
    [Anonymous Symbol]                       0x0800424c   Section        0  stm32u5xx_hal_rcc.o(.text.HAL_RCC_GetPCLK2Freq)
    [Anonymous Symbol]                       0x0800428c   Section        0  stm32u5xx_hal_rcc.o(.text.HAL_RCC_GetPCLK3Freq)
    [Anonymous Symbol]                       0x080042cc   Section        0  stm32u5xx_hal_rcc.o(.text.HAL_RCC_GetSysClockFreq)
    [Anonymous Symbol]                       0x080043d4   Section        0  stm32u5xx_hal_rcc.o(.text.HAL_RCC_OscConfig)
    [Anonymous Symbol]                       0x08004f10   Section        0  stm32u5xx_hal_spi_ex.o(.text.HAL_SPIEx_SetConfigAutonomousMode)
    [Anonymous Symbol]                       0x08004f58   Section        0  stm32u5xx_hal_spi.o(.text.HAL_SPI_Init)
    [Anonymous Symbol]                       0x080050b4   Section        0  spi.o(.text.HAL_SPI_MspInit)
    [Anonymous Symbol]                       0x0800513c   Section        0  stm32u5xx_hal_cortex.o(.text.HAL_SYSTICK_Config)
    [Anonymous Symbol]                       0x08005168   Section        0  stm32u5xx_hal_uart_ex.o(.text.HAL_UARTEx_DisableFifoMode)
    [Anonymous Symbol]                       0x080051a0   Section        0  stm32u5xx_hal_uart_ex.o(.text.HAL_UARTEx_SetRxFifoThreshold)
    [Anonymous Symbol]                       0x0800522c   Section        0  stm32u5xx_hal_uart_ex.o(.text.HAL_UARTEx_SetTxFifoThreshold)
    [Anonymous Symbol]                       0x080052b8   Section        0  stm32u5xx_hal_uart.o(.text.HAL_UART_Init)
    [Anonymous Symbol]                       0x08005384   Section        0  usart.o(.text.HAL_UART_MspInit)
    [Anonymous Symbol]                       0x08005410   Section        0  stm32u5xx_it.o(.text.HardFault_Handler)
    [Anonymous Symbol]                       0x08005414   Section        0  stm32u5xx_it.o(.text.ICACHE_IRQHandler)
    [Anonymous Symbol]                       0x08005418   Section        0  stm32u5xx_ll_dlyb.o(.text.LL_DLYB_SetDelay)
    [Anonymous Symbol]                       0x08005434   Section        0  stm32u5xx_ll_gpio.o(.text.LL_GPIO_Init)
    [Anonymous Symbol]                       0x080054fc   Section        0  adc.o(.text.MX_ADC1_Init)
    [Anonymous Symbol]                       0x08005550   Section        0  gpio.o(.text.MX_GPIO_Init)
    [Anonymous Symbol]                       0x08005718   Section        0  icache.o(.text.MX_ICACHE_Init)
    [Anonymous Symbol]                       0x0800573c   Section        0  octospi.o(.text.MX_OCTOSPI1_Init)
    [Anonymous Symbol]                       0x080057d8   Section        0  spi.o(.text.MX_SPI1_Init)
    [Anonymous Symbol]                       0x0800585c   Section        0  ucpd.o(.text.MX_UCPD1_Init)
    [Anonymous Symbol]                       0x080058e0   Section        0  usart.o(.text.MX_USART1_UART_Init)
    [Anonymous Symbol]                       0x08005964   Section        0  usb_otg.o(.text.MX_USB_OTG_FS_PCD_Init)
    [Anonymous Symbol]                       0x080059a0   Section        0  stm32u5xx_it.o(.text.MemManage_Handler)
    [Anonymous Symbol]                       0x080059a4   Section        0  stm32u5xx_it.o(.text.NMI_Handler)
    OSPI_ConfigCmd                           0x080059a9   Thumb Code   484  stm32u5xx_hal_ospi.o(.text.OSPI_ConfigCmd)
    [Anonymous Symbol]                       0x080059a8   Section        0  stm32u5xx_hal_ospi.o(.text.OSPI_ConfigCmd)
    [Anonymous Symbol]                       0x08005b8c   Section        0  octospi.o(.text.OSPI_READ_W25M02IG)
    [Anonymous Symbol]                       0x08005dac   Section        0  octospi.o(.text.OSPI_WRITE_W25M02IG)
    [Anonymous Symbol]                       0x08005fdc   Section        0  stm32u5xx_it.o(.text.OTG_FS_IRQHandler)
    [Anonymous Symbol]                       0x08005fe8   Section        0  stm32u5xx_it.o(.text.PendSV_Handler)
    RCCEx_PLL2_Config                        0x08005fed   Thumb Code   248  stm32u5xx_hal_rcc_ex.o(.text.RCCEx_PLL2_Config)
    [Anonymous Symbol]                       0x08005fec   Section        0  stm32u5xx_hal_rcc_ex.o(.text.RCCEx_PLL2_Config)
    RCCEx_PLL3_Config                        0x080060e5   Thumb Code   248  stm32u5xx_hal_rcc_ex.o(.text.RCCEx_PLL3_Config)
    [Anonymous Symbol]                       0x080060e4   Section        0  stm32u5xx_hal_rcc_ex.o(.text.RCCEx_PLL3_Config)
    [Anonymous Symbol]                       0x080061dc   Section        0  stm32u5xx_it.o(.text.SVC_Handler)
    [Anonymous Symbol]                       0x080061e0   Section        0  stm32u5xx_it.o(.text.SysTick_Handler)
    [Anonymous Symbol]                       0x080061e4   Section        0  main.o(.text.SystemClock_Config)
    [Anonymous Symbol]                       0x08006298   Section        0  system_stm32u5xx.o(.text.SystemInit)
    [Anonymous Symbol]                       0x080062e4   Section        0  stm32u5xx_hal_uart.o(.text.UART_AdvFeatureConfig)
    [Anonymous Symbol]                       0x080063cc   Section        0  stm32u5xx_hal_uart.o(.text.UART_SetConfig)
    [Anonymous Symbol]                       0x080065d8   Section        0  stm32u5xx_hal_uart.o(.text.UART_WaitOnFlagUntilTimeout)
    [Anonymous Symbol]                       0x080067f0   Section        0  stm32u5xx_ll_usb.o(.text.USB_ActivateSetup)
    [Anonymous Symbol]                       0x08006810   Section        0  stm32u5xx_ll_usb.o(.text.USB_CoreInit)
    [Anonymous Symbol]                       0x0800690c   Section        0  stm32u5xx_ll_usb.o(.text.USB_DevDisconnect)
    [Anonymous Symbol]                       0x0800692c   Section        0  stm32u5xx_ll_usb.o(.text.USB_DevInit)
    [Anonymous Symbol]                       0x08006da0   Section        0  stm32u5xx_ll_usb.o(.text.USB_DisableGlobalInt)
    [Anonymous Symbol]                       0x08006db0   Section        0  stm32u5xx_ll_usb.o(.text.USB_EP0_OutStart)
    [Anonymous Symbol]                       0x08006e0c   Section        0  stm32u5xx_ll_usb.o(.text.USB_EPStopXfer)
    [Anonymous Symbol]                       0x08006f1c   Section        0  stm32u5xx_ll_usb.o(.text.USB_FlushTxFifo)
    [Anonymous Symbol]                       0x08006fd4   Section        0  stm32u5xx_ll_usb.o(.text.USB_GetDevSpeed)
    [Anonymous Symbol]                       0x08006ff0   Section        0  stm32u5xx_ll_usb.o(.text.USB_GetMode)
    [Anonymous Symbol]                       0x08006ff8   Section        0  stm32u5xx_ll_usb.o(.text.USB_ReadDevAllInEpInterrupt)
    [Anonymous Symbol]                       0x08007008   Section        0  stm32u5xx_ll_usb.o(.text.USB_ReadDevAllOutEpInterrupt)
    [Anonymous Symbol]                       0x08007018   Section        0  stm32u5xx_ll_usb.o(.text.USB_ReadDevInEPInterrupt)
    [Anonymous Symbol]                       0x0800703c   Section        0  stm32u5xx_ll_usb.o(.text.USB_ReadDevOutEPInterrupt)
    [Anonymous Symbol]                       0x0800704c   Section        0  stm32u5xx_ll_usb.o(.text.USB_ReadInterrupts)
    [Anonymous Symbol]                       0x08007054   Section        0  stm32u5xx_ll_usb.o(.text.USB_ReadPacket)
    [Anonymous Symbol]                       0x08007100   Section        0  stm32u5xx_ll_usb.o(.text.USB_SetCurrentMode)
    [Anonymous Symbol]                       0x08007164   Section        0  stm32u5xx_ll_usb.o(.text.USB_SetTurnaroundTime)
    [Anonymous Symbol]                       0x08007284   Section        0  stm32u5xx_ll_usb.o(.text.USB_WritePacket)
    [Anonymous Symbol]                       0x080072f4   Section        0  stm32u5xx_it.o(.text.UsageFault_Handler)
    [Anonymous Symbol]                       0x080072f8   Section        0  main.o(.text.main)
    $v0                                      0x08007342   Number         0  fpinit.o(x$fpl$fpinit)
    x$fpl$fpinit                             0x08007342   Section       26  fpinit.o(x$fpl$fpinit)
    LPGPIO_Map                               0x08007374   Data         128  stm32u5xx_hal_gpio.o(.rodata.LPGPIO_Map)
    [Anonymous Symbol]                       0x08007374   Section        0  stm32u5xx_hal_gpio.o(.rodata.LPGPIO_Map)
    UARTEx_SetNbDataToProcess.numerator      0x0800744c   Data           8  stm32u5xx_hal_uart_ex.o(.rodata.cst8)
    [Anonymous Symbol]                       0x0800744c   Section        0  stm32u5xx_hal_uart_ex.o(.rodata.cst8)
    UARTEx_SetNbDataToProcess.denominator    0x08007454   Data           8  stm32u5xx_hal_uart_ex.o(.rodata.cst8)
    .L_MergedGlobals                         0x20000000   Data           8  stm32u5xx_hal.o(.data..L_MergedGlobals)
    [Anonymous Symbol]                       0x20000000   Section        0  stm32u5xx_hal.o(.data..L_MergedGlobals)
    .bss                                     0x20000010   Section       96  libspace.o(.bss)
    Heap_Mem                                 0x20000788   Data         512  startup_stm32u575xx.o(HEAP)
    HEAP                                     0x20000788   Section      512  startup_stm32u575xx.o(HEAP)
    Stack_Mem                                0x20000988   Data        1024  startup_stm32u575xx.o(STACK)
    STACK                                    0x20000988   Section     1024  startup_stm32u575xx.o(STACK)
    __initial_sp                             0x20000d88   Data           0  startup_stm32u575xx.o(STACK)

    Global Symbols

    Symbol Name                              Value     Ov Type        Size  Object(Section)

    BuildAttributes$$THM_ISAv4$E$P$D$K$B$S$7EM$8M$VFPi5$EXTD16$VFPS$VFMA$PE$A:L22UL41UL21$X:L11$S22US41US21$IEEE1$IW$~IW$USESV6$~STKCKD$USESV7$~SHL$OTIME$ROPI$EBA8$UX$STANDARDLIB$REQ8$PRES8$EABIv2 0x00000000   Number         0  anon$$obj.o ABSOLUTE
    __ARM_exceptions_init                     - Undefined Weak Reference
    __alloca_initialize                       - Undefined Weak Reference
    __arm_preinit_                            - Undefined Weak Reference
    __arm_relocate_pie_                       - Undefined Weak Reference
    __cpp_initialize__aeabi_                  - Undefined Weak Reference
    __cxa_finalize                            - Undefined Weak Reference
    __rt_locale                               - Undefined Weak Reference
    __sigvec_lookup                           - Undefined Weak Reference
    _atexit_init                              - Undefined Weak Reference
    _call_atexit_fns                          - Undefined Weak Reference
    _clock_init                               - Undefined Weak Reference
    _fp_trap_init                             - Undefined Weak Reference
    _fp_trap_shutdown                         - Undefined Weak Reference
    _get_lc_collate                           - Undefined Weak Reference
    _get_lc_ctype                             - Undefined Weak Reference
    _get_lc_monetary                          - Undefined Weak Reference
    _get_lc_numeric                           - Undefined Weak Reference
    _get_lc_time                              - Undefined Weak Reference
    _getenv_init                              - Undefined Weak Reference
    _handle_redirection                       - Undefined Weak Reference
    _init_alloc                               - Undefined Weak Reference
    _init_user_alloc                          - Undefined Weak Reference
    _initio                                   - Undefined Weak Reference
    _rand_init                                - Undefined Weak Reference
    _signal_finish                            - Undefined Weak Reference
    _signal_init                              - Undefined Weak Reference
    _terminate_alloc                          - Undefined Weak Reference
    _terminate_user_alloc                     - Undefined Weak Reference
    _terminateio                              - Undefined Weak Reference
    __Vectors_Size                           0x00000234   Number         0  startup_stm32u575xx.o ABSOLUTE
    __Vectors                                0x08000000   Data           4  startup_stm32u575xx.o(RESET)
    __Vectors_End                            0x08000234   Data           0  startup_stm32u575xx.o(RESET)
    __main                                   0x08000235   Thumb Code     8  __main.o(!!!main)
    __scatterload                            0x0800023d   Thumb Code     0  __scatter.o(!!!scatter)
    __scatterload_rt2                        0x0800023d   Thumb Code    44  __scatter.o(!!!scatter)
    __scatterload_rt2_thumb_only             0x0800023d   Thumb Code     0  __scatter.o(!!!scatter)
    __scatterload_null                       0x0800024b   Thumb Code     0  __scatter.o(!!!scatter)
    __scatterload_copy                       0x08000271   Thumb Code    26  __scatter_copy.o(!!handler_copy)
    __scatterload_zeroinit                   0x0800028d   Thumb Code    28  __scatter_zi.o(!!handler_zi)
    __rt_lib_init                            0x080002a9   Thumb Code     0  libinit.o(.ARM.Collect$$libinit$$00000000)
    __rt_lib_init_fp_1                       0x080002ab   Thumb Code     0  libinit2.o(.ARM.Collect$$libinit$$00000001)
    __rt_lib_init_alloca_1                   0x080002af   Thumb Code     0  libinit2.o(.ARM.Collect$$libinit$$00000030)
    __rt_lib_init_argv_1                     0x080002af   Thumb Code     0  libinit2.o(.ARM.Collect$$libinit$$0000002E)
    __rt_lib_init_atexit_1                   0x080002af   Thumb Code     0  libinit2.o(.ARM.Collect$$libinit$$0000001D)
    __rt_lib_init_clock_1                    0x080002af   Thumb Code     0  libinit2.o(.ARM.Collect$$libinit$$00000023)
    __rt_lib_init_cpp_1                      0x080002af   Thumb Code     0  libinit2.o(.ARM.Collect$$libinit$$00000034)
    __rt_lib_init_exceptions_1               0x080002af   Thumb Code     0  libinit2.o(.ARM.Collect$$libinit$$00000032)
    __rt_lib_init_fp_trap_1                  0x080002af   Thumb Code     0  libinit2.o(.ARM.Collect$$libinit$$00000021)
    __rt_lib_init_getenv_1                   0x080002af   Thumb Code     0  libinit2.o(.ARM.Collect$$libinit$$00000025)
    __rt_lib_init_heap_1                     0x080002af   Thumb Code     0  libinit2.o(.ARM.Collect$$libinit$$0000000C)
    __rt_lib_init_lc_collate_1               0x080002af   Thumb Code     0  libinit2.o(.ARM.Collect$$libinit$$00000013)
    __rt_lib_init_lc_ctype_1                 0x080002af   Thumb Code     0  libinit2.o(.ARM.Collect$$libinit$$00000015)
    __rt_lib_init_lc_monetary_1              0x080002af   Thumb Code     0  libinit2.o(.ARM.Collect$$libinit$$00000017)
    __rt_lib_init_lc_numeric_1               0x080002af   Thumb Code     0  libinit2.o(.ARM.Collect$$libinit$$00000019)
    __rt_lib_init_lc_time_1                  0x080002af   Thumb Code     0  libinit2.o(.ARM.Collect$$libinit$$0000001B)
    __rt_lib_init_preinit_1                  0x080002af   Thumb Code     0  libinit2.o(.ARM.Collect$$libinit$$00000006)
    __rt_lib_init_rand_1                     0x080002af   Thumb Code     0  libinit2.o(.ARM.Collect$$libinit$$00000010)
    __rt_lib_init_relocate_pie_1             0x080002af   Thumb Code     0  libinit2.o(.ARM.Collect$$libinit$$00000004)
    __rt_lib_init_return                     0x080002af   Thumb Code     0  libinit2.o(.ARM.Collect$$libinit$$00000035)
    __rt_lib_init_signal_1                   0x080002af   Thumb Code     0  libinit2.o(.ARM.Collect$$libinit$$0000001F)
    __rt_lib_init_stdio_1                    0x080002af   Thumb Code     0  libinit2.o(.ARM.Collect$$libinit$$00000027)
    __rt_lib_init_user_alloc_1               0x080002af   Thumb Code     0  libinit2.o(.ARM.Collect$$libinit$$0000000E)
    __rt_lib_shutdown                        0x080002b1   Thumb Code     0  libshutdown.o(.ARM.Collect$$libshutdown$$00000000)
    __rt_lib_shutdown_cpp_1                  0x080002b3   Thumb Code     0  libshutdown2.o(.ARM.Collect$$libshutdown$$00000002)
    __rt_lib_shutdown_fp_trap_1              0x080002b3   Thumb Code     0  libshutdown2.o(.ARM.Collect$$libshutdown$$00000007)
    __rt_lib_shutdown_heap_1                 0x080002b3   Thumb Code     0  libshutdown2.o(.ARM.Collect$$libshutdown$$0000000F)
    __rt_lib_shutdown_return                 0x080002b3   Thumb Code     0  libshutdown2.o(.ARM.Collect$$libshutdown$$00000010)
    __rt_lib_shutdown_signal_1               0x080002b3   Thumb Code     0  libshutdown2.o(.ARM.Collect$$libshutdown$$0000000A)
    __rt_lib_shutdown_stdio_1                0x080002b3   Thumb Code     0  libshutdown2.o(.ARM.Collect$$libshutdown$$00000004)
    __rt_lib_shutdown_user_alloc_1           0x080002b3   Thumb Code     0  libshutdown2.o(.ARM.Collect$$libshutdown$$0000000C)
    __rt_entry                               0x080002b5   Thumb Code     0  __rtentry.o(.ARM.Collect$$rtentry$$00000000)
    __rt_entry_presh_1                       0x080002b5   Thumb Code     0  __rtentry2.o(.ARM.Collect$$rtentry$$00000002)
    __rt_entry_sh                            0x080002b5   Thumb Code     0  __rtentry4.o(.ARM.Collect$$rtentry$$00000004)
    __rt_entry_li                            0x080002bb   Thumb Code     0  __rtentry2.o(.ARM.Collect$$rtentry$$0000000A)
    __rt_entry_postsh_1                      0x080002bb   Thumb Code     0  __rtentry2.o(.ARM.Collect$$rtentry$$00000009)
    __rt_entry_main                          0x080002bf   Thumb Code     0  __rtentry2.o(.ARM.Collect$$rtentry$$0000000D)
    __rt_entry_postli_1                      0x080002bf   Thumb Code     0  __rtentry2.o(.ARM.Collect$$rtentry$$0000000C)
    __rt_exit                                0x080002c7   Thumb Code     0  rtexit.o(.ARM.Collect$$rtexit$$00000000)
    __rt_exit_ls                             0x080002c9   Thumb Code     0  rtexit2.o(.ARM.Collect$$rtexit$$00000003)
    __rt_exit_prels_1                        0x080002c9   Thumb Code     0  rtexit2.o(.ARM.Collect$$rtexit$$00000002)
    __rt_exit_exit                           0x080002cd   Thumb Code     0  rtexit2.o(.ARM.Collect$$rtexit$$00000004)
    Reset_Handler                            0x080002d5   Thumb Code     8  startup_stm32u575xx.o(.text)
    SecureFault_Handler                      0x080002e7   Thumb Code     2  startup_stm32u575xx.o(.text)
    ADC1_IRQHandler                          0x080002f1   Thumb Code     0  startup_stm32u575xx.o(.text)
    ADC4_IRQHandler                          0x080002f1   Thumb Code     0  startup_stm32u575xx.o(.text)
    ADF1_IRQHandler                          0x080002f1   Thumb Code     0  startup_stm32u575xx.o(.text)
    COMP_IRQHandler                          0x080002f1   Thumb Code     0  startup_stm32u575xx.o(.text)
    CORDIC_IRQHandler                        0x080002f1   Thumb Code     0  startup_stm32u575xx.o(.text)
    CRS_IRQHandler                           0x080002f1   Thumb Code     0  startup_stm32u575xx.o(.text)
    DAC1_IRQHandler                          0x080002f1   Thumb Code     0  startup_stm32u575xx.o(.text)
    DCACHE1_IRQHandler                       0x080002f1   Thumb Code     0  startup_stm32u575xx.o(.text)
    DCMI_PSSI_IRQHandler                     0x080002f1   Thumb Code     0  startup_stm32u575xx.o(.text)
    DMA2D_IRQHandler                         0x080002f1   Thumb Code     0  startup_stm32u575xx.o(.text)
    EXTI0_IRQHandler                         0x080002f1   Thumb Code     0  startup_stm32u575xx.o(.text)
    EXTI10_IRQHandler                        0x080002f1   Thumb Code     0  startup_stm32u575xx.o(.text)
    EXTI11_IRQHandler                        0x080002f1   Thumb Code     0  startup_stm32u575xx.o(.text)
    EXTI12_IRQHandler                        0x080002f1   Thumb Code     0  startup_stm32u575xx.o(.text)
    EXTI13_IRQHandler                        0x080002f1   Thumb Code     0  startup_stm32u575xx.o(.text)
    EXTI14_IRQHandler                        0x080002f1   Thumb Code     0  startup_stm32u575xx.o(.text)
    EXTI15_IRQHandler                        0x080002f1   Thumb Code     0  startup_stm32u575xx.o(.text)
    EXTI1_IRQHandler                         0x080002f1   Thumb Code     0  startup_stm32u575xx.o(.text)
    EXTI2_IRQHandler                         0x080002f1   Thumb Code     0  startup_stm32u575xx.o(.text)
    EXTI3_IRQHandler                         0x080002f1   Thumb Code     0  startup_stm32u575xx.o(.text)
    EXTI4_IRQHandler                         0x080002f1   Thumb Code     0  startup_stm32u575xx.o(.text)
    EXTI5_IRQHandler                         0x080002f1   Thumb Code     0  startup_stm32u575xx.o(.text)
    EXTI6_IRQHandler                         0x080002f1   Thumb Code     0  startup_stm32u575xx.o(.text)
    EXTI7_IRQHandler                         0x080002f1   Thumb Code     0  startup_stm32u575xx.o(.text)
    EXTI8_IRQHandler                         0x080002f1   Thumb Code     0  startup_stm32u575xx.o(.text)
    EXTI9_IRQHandler                         0x080002f1   Thumb Code     0  startup_stm32u575xx.o(.text)
    FDCAN1_IT0_IRQHandler                    0x080002f1   Thumb Code     0  startup_stm32u575xx.o(.text)
    FDCAN1_IT1_IRQHandler                    0x080002f1   Thumb Code     0  startup_stm32u575xx.o(.text)
    FLASH_IRQHandler                         0x080002f1   Thumb Code     0  startup_stm32u575xx.o(.text)
    FLASH_S_IRQHandler                       0x080002f1   Thumb Code     0  startup_stm32u575xx.o(.text)
    FMAC_IRQHandler                          0x080002f1   Thumb Code     0  startup_stm32u575xx.o(.text)
    FMC_IRQHandler                           0x080002f1   Thumb Code     0  startup_stm32u575xx.o(.text)
    FPU_IRQHandler                           0x080002f1   Thumb Code     0  startup_stm32u575xx.o(.text)
    GPDMA1_Channel0_IRQHandler               0x080002f1   Thumb Code     0  startup_stm32u575xx.o(.text)
    GPDMA1_Channel10_IRQHandler              0x080002f1   Thumb Code     0  startup_stm32u575xx.o(.text)
    GPDMA1_Channel11_IRQHandler              0x080002f1   Thumb Code     0  startup_stm32u575xx.o(.text)
    GPDMA1_Channel12_IRQHandler              0x080002f1   Thumb Code     0  startup_stm32u575xx.o(.text)
    GPDMA1_Channel13_IRQHandler              0x080002f1   Thumb Code     0  startup_stm32u575xx.o(.text)
    GPDMA1_Channel14_IRQHandler              0x080002f1   Thumb Code     0  startup_stm32u575xx.o(.text)
    GPDMA1_Channel15_IRQHandler              0x080002f1   Thumb Code     0  startup_stm32u575xx.o(.text)
    GPDMA1_Channel1_IRQHandler               0x080002f1   Thumb Code     0  startup_stm32u575xx.o(.text)
    GPDMA1_Channel2_IRQHandler               0x080002f1   Thumb Code     0  startup_stm32u575xx.o(.text)
    GPDMA1_Channel3_IRQHandler               0x080002f1   Thumb Code     0  startup_stm32u575xx.o(.text)
    GPDMA1_Channel4_IRQHandler               0x080002f1   Thumb Code     0  startup_stm32u575xx.o(.text)
    GPDMA1_Channel5_IRQHandler               0x080002f1   Thumb Code     0  startup_stm32u575xx.o(.text)
    GPDMA1_Channel6_IRQHandler               0x080002f1   Thumb Code     0  startup_stm32u575xx.o(.text)
    GPDMA1_Channel7_IRQHandler               0x080002f1   Thumb Code     0  startup_stm32u575xx.o(.text)
    GPDMA1_Channel8_IRQHandler               0x080002f1   Thumb Code     0  startup_stm32u575xx.o(.text)
    GPDMA1_Channel9_IRQHandler               0x080002f1   Thumb Code     0  startup_stm32u575xx.o(.text)
    GTZC_IRQHandler                          0x080002f1   Thumb Code     0  startup_stm32u575xx.o(.text)
    HASH_IRQHandler                          0x080002f1   Thumb Code     0  startup_stm32u575xx.o(.text)
    I2C1_ER_IRQHandler                       0x080002f1   Thumb Code     0  startup_stm32u575xx.o(.text)
    I2C1_EV_IRQHandler                       0x080002f1   Thumb Code     0  startup_stm32u575xx.o(.text)
    I2C2_ER_IRQHandler                       0x080002f1   Thumb Code     0  startup_stm32u575xx.o(.text)
    I2C2_EV_IRQHandler                       0x080002f1   Thumb Code     0  startup_stm32u575xx.o(.text)
    I2C3_ER_IRQHandler                       0x080002f1   Thumb Code     0  startup_stm32u575xx.o(.text)
    I2C3_EV_IRQHandler                       0x080002f1   Thumb Code     0  startup_stm32u575xx.o(.text)
    I2C4_ER_IRQHandler                       0x080002f1   Thumb Code     0  startup_stm32u575xx.o(.text)
    I2C4_EV_IRQHandler                       0x080002f1   Thumb Code     0  startup_stm32u575xx.o(.text)
    IWDG_IRQHandler                          0x080002f1   Thumb Code     0  startup_stm32u575xx.o(.text)
    LPDMA1_Channel0_IRQHandler               0x080002f1   Thumb Code     0  startup_stm32u575xx.o(.text)
    LPDMA1_Channel1_IRQHandler               0x080002f1   Thumb Code     0  startup_stm32u575xx.o(.text)
    LPDMA1_Channel2_IRQHandler               0x080002f1   Thumb Code     0  startup_stm32u575xx.o(.text)
    LPDMA1_Channel3_IRQHandler               0x080002f1   Thumb Code     0  startup_stm32u575xx.o(.text)
    LPTIM1_IRQHandler                        0x080002f1   Thumb Code     0  startup_stm32u575xx.o(.text)
    LPTIM2_IRQHandler                        0x080002f1   Thumb Code     0  startup_stm32u575xx.o(.text)
    LPTIM3_IRQHandler                        0x080002f1   Thumb Code     0  startup_stm32u575xx.o(.text)
    LPTIM4_IRQHandler                        0x080002f1   Thumb Code     0  startup_stm32u575xx.o(.text)
    LPUART1_IRQHandler                       0x080002f1   Thumb Code     0  startup_stm32u575xx.o(.text)
    MDF1_FLT0_IRQHandler                     0x080002f1   Thumb Code     0  startup_stm32u575xx.o(.text)
    MDF1_FLT1_IRQHandler                     0x080002f1   Thumb Code     0  startup_stm32u575xx.o(.text)
    MDF1_FLT2_IRQHandler                     0x080002f1   Thumb Code     0  startup_stm32u575xx.o(.text)
    MDF1_FLT3_IRQHandler                     0x080002f1   Thumb Code     0  startup_stm32u575xx.o(.text)
    MDF1_FLT4_IRQHandler                     0x080002f1   Thumb Code     0  startup_stm32u575xx.o(.text)
    MDF1_FLT5_IRQHandler                     0x080002f1   Thumb Code     0  startup_stm32u575xx.o(.text)
    OCTOSPI1_IRQHandler                      0x080002f1   Thumb Code     0  startup_stm32u575xx.o(.text)
    OCTOSPI2_IRQHandler                      0x080002f1   Thumb Code     0  startup_stm32u575xx.o(.text)
    PVD_PVM_IRQHandler                       0x080002f1   Thumb Code     0  startup_stm32u575xx.o(.text)
    PWR_S3WU_IRQHandler                      0x080002f1   Thumb Code     0  startup_stm32u575xx.o(.text)
    RAMCFG_IRQHandler                        0x080002f1   Thumb Code     0  startup_stm32u575xx.o(.text)
    RCC_IRQHandler                           0x080002f1   Thumb Code     0  startup_stm32u575xx.o(.text)
    RCC_S_IRQHandler                         0x080002f1   Thumb Code     0  startup_stm32u575xx.o(.text)
    RNG_IRQHandler                           0x080002f1   Thumb Code     0  startup_stm32u575xx.o(.text)
    RTC_IRQHandler                           0x080002f1   Thumb Code     0  startup_stm32u575xx.o(.text)
    RTC_S_IRQHandler                         0x080002f1   Thumb Code     0  startup_stm32u575xx.o(.text)
    SAI1_IRQHandler                          0x080002f1   Thumb Code     0  startup_stm32u575xx.o(.text)
    SAI2_IRQHandler                          0x080002f1   Thumb Code     0  startup_stm32u575xx.o(.text)
    SDMMC1_IRQHandler                        0x080002f1   Thumb Code     0  startup_stm32u575xx.o(.text)
    SDMMC2_IRQHandler                        0x080002f1   Thumb Code     0  startup_stm32u575xx.o(.text)
    SPI1_IRQHandler                          0x080002f1   Thumb Code     0  startup_stm32u575xx.o(.text)
    SPI2_IRQHandler                          0x080002f1   Thumb Code     0  startup_stm32u575xx.o(.text)
    SPI3_IRQHandler                          0x080002f1   Thumb Code     0  startup_stm32u575xx.o(.text)
    TAMP_IRQHandler                          0x080002f1   Thumb Code     0  startup_stm32u575xx.o(.text)
    TIM15_IRQHandler                         0x080002f1   Thumb Code     0  startup_stm32u575xx.o(.text)
    TIM16_IRQHandler                         0x080002f1   Thumb Code     0  startup_stm32u575xx.o(.text)
    TIM17_IRQHandler                         0x080002f1   Thumb Code     0  startup_stm32u575xx.o(.text)
    TIM1_BRK_IRQHandler                      0x080002f1   Thumb Code     0  startup_stm32u575xx.o(.text)
    TIM1_CC_IRQHandler                       0x080002f1   Thumb Code     0  startup_stm32u575xx.o(.text)
    TIM1_TRG_COM_IRQHandler                  0x080002f1   Thumb Code     0  startup_stm32u575xx.o(.text)
    TIM1_UP_IRQHandler                       0x080002f1   Thumb Code     0  startup_stm32u575xx.o(.text)
    TIM2_IRQHandler                          0x080002f1   Thumb Code     0  startup_stm32u575xx.o(.text)
    TIM3_IRQHandler                          0x080002f1   Thumb Code     0  startup_stm32u575xx.o(.text)
    TIM4_IRQHandler                          0x080002f1   Thumb Code     0  startup_stm32u575xx.o(.text)
    TIM5_IRQHandler                          0x080002f1   Thumb Code     0  startup_stm32u575xx.o(.text)
    TIM6_IRQHandler                          0x080002f1   Thumb Code     0  startup_stm32u575xx.o(.text)
    TIM7_IRQHandler                          0x080002f1   Thumb Code     0  startup_stm32u575xx.o(.text)
    TIM8_BRK_IRQHandler                      0x080002f1   Thumb Code     0  startup_stm32u575xx.o(.text)
    TIM8_CC_IRQHandler                       0x080002f1   Thumb Code     0  startup_stm32u575xx.o(.text)
    TIM8_TRG_COM_IRQHandler                  0x080002f1   Thumb Code     0  startup_stm32u575xx.o(.text)
    TIM8_UP_IRQHandler                       0x080002f1   Thumb Code     0  startup_stm32u575xx.o(.text)
    TSC_IRQHandler                           0x080002f1   Thumb Code     0  startup_stm32u575xx.o(.text)
    UART4_IRQHandler                         0x080002f1   Thumb Code     0  startup_stm32u575xx.o(.text)
    UART5_IRQHandler                         0x080002f1   Thumb Code     0  startup_stm32u575xx.o(.text)
    UCPD1_IRQHandler                         0x080002f1   Thumb Code     0  startup_stm32u575xx.o(.text)
    USART1_IRQHandler                        0x080002f1   Thumb Code     0  startup_stm32u575xx.o(.text)
    USART2_IRQHandler                        0x080002f1   Thumb Code     0  startup_stm32u575xx.o(.text)
    USART3_IRQHandler                        0x080002f1   Thumb Code     0  startup_stm32u575xx.o(.text)
    WWDG_IRQHandler                          0x080002f1   Thumb Code     0  startup_stm32u575xx.o(.text)
    __user_initial_stackheap                 0x080002f5   Thumb Code    10  startup_stm32u575xx.o(.text)
    __aeabi_uldivmod                         0x08000319   Thumb Code     0  lludivv7m.o(.text)
    _ll_udiv                                 0x08000319   Thumb Code   240  lludivv7m.o(.text)
    __aeabi_memclr4                          0x08000409   Thumb Code     0  rt_memclr_w.o(.text)
    __aeabi_memclr8                          0x08000409   Thumb Code     0  rt_memclr_w.o(.text)
    __rt_memclr_w                            0x08000409   Thumb Code     0  rt_memclr_w.o(.text)
    _memset_w                                0x0800040d   Thumb Code    74  rt_memclr_w.o(.text)
    __use_two_region_memory                  0x08000457   Thumb Code     2  heapauxi.o(.text)
    __rt_heap_escrow$2region                 0x08000459   Thumb Code     2  heapauxi.o(.text)
    __rt_heap_expand$2region                 0x0800045b   Thumb Code     2  heapauxi.o(.text)
    __user_setup_stackheap                   0x0800045d   Thumb Code    74  sys_stackheap_outer.o(.text)
    exit                                     0x080004a7   Thumb Code    18  exit.o(.text)
    __user_libspace                          0x080004b9   Thumb Code     8  libspace.o(.text)
    __user_perproc_libspace                  0x080004b9   Thumb Code     0  libspace.o(.text)
    __user_perthread_libspace                0x080004b9   Thumb Code     0  libspace.o(.text)
    _sys_exit                                0x080004c1   Thumb Code     8  sys_exit.o(.text)
    __I$use$semihosting                      0x080004cd   Thumb Code     0  use_no_semi.o(.text)
    __use_no_semihosting_swi                 0x080004cd   Thumb Code     2  use_no_semi.o(.text)
    __semihosting_library_function           0x080004cf   Thumb Code     0  indicate_semi.o(.text)
    BusFault_Handler                         0x080004d1   Thumb Code     2  stm32u5xx_it.o(.text.BusFault_Handler)
    DebugMon_Handler                         0x080004d5   Thumb Code     2  stm32u5xx_it.o(.text.DebugMon_Handler)
    Error_Handler                            0x080004d9   Thumb Code    10  main.o(.text.Error_Handler)
    HAL_ADC_Init                             0x080004e5   Thumb Code  1036  stm32u5xx_hal_adc.o(.text.HAL_ADC_Init)
    HAL_ADC_MspInit                          0x080008f1   Thumb Code   140  adc.o(.text.HAL_ADC_MspInit)
    HAL_DMA_Abort                            0x0800097d   Thumb Code   168  stm32u5xx_hal_dma.o(.text.HAL_DMA_Abort)
    HAL_Delay                                0x08000a25   Thumb Code    40  stm32u5xx_hal.o(.text.HAL_Delay)
    HAL_GPIO_Init                            0x08000a4d   Thumb Code   594  stm32u5xx_hal_gpio.o(.text.HAL_GPIO_Init)
    HAL_GPIO_TogglePin                       0x08000ca1   Thumb Code    16  stm32u5xx_hal_gpio.o(.text.HAL_GPIO_TogglePin)
    HAL_GPIO_WritePin                        0x08000cb1   Thumb Code    12  stm32u5xx_hal_gpio.o(.text.HAL_GPIO_WritePin)
    HAL_GetTick                              0x08000cbd   Thumb Code    12  stm32u5xx_hal.o(.text.HAL_GetTick)
    HAL_ICACHE_ConfigAssociativityMode       0x08000cc9   Thumb Code    32  stm32u5xx_hal_icache.o(.text.HAL_ICACHE_ConfigAssociativityMode)
    HAL_ICACHE_Enable                        0x08000ce9   Thumb Code    20  stm32u5xx_hal_icache.o(.text.HAL_ICACHE_Enable)
    HAL_ICACHE_ErrorCallback                 0x08000cfd   Thumb Code     2  stm32u5xx_hal_icache.o(.text.HAL_ICACHE_ErrorCallback)
    HAL_ICACHE_IRQHandler                    0x08000d01   Thumb Code    66  stm32u5xx_hal_icache.o(.text.HAL_ICACHE_IRQHandler)
    HAL_ICACHE_InvalidateCompleteCallback    0x08000d45   Thumb Code     2  stm32u5xx_hal_icache.o(.text.HAL_ICACHE_InvalidateCompleteCallback)
    HAL_IncTick                              0x08000d49   Thumb Code    26  stm32u5xx_hal.o(.text.HAL_IncTick)
    HAL_Init                                 0x08000d65   Thumb Code    86  stm32u5xx_hal.o(.text.HAL_Init)
    HAL_InitTick                             0x08000dbd   Thumb Code    78  stm32u5xx_hal.o(.text.HAL_InitTick)
    HAL_MspInit                              0x08000e0d   Thumb Code    58  stm32u5xx_hal_msp.o(.text.HAL_MspInit)
    HAL_NVIC_EnableIRQ                       0x08000e49   Thumb Code    38  stm32u5xx_hal_cortex.o(.text.HAL_NVIC_EnableIRQ)
    HAL_NVIC_SetPriority                     0x08000e71   Thumb Code    86  stm32u5xx_hal_cortex.o(.text.HAL_NVIC_SetPriority)
    HAL_NVIC_SetPriorityGrouping             0x08000ec9   Thumb Code    32  stm32u5xx_hal_cortex.o(.text.HAL_NVIC_SetPriorityGrouping)
    HAL_OSPIM_Config                         0x08000ee9   Thumb Code  1506  stm32u5xx_hal_ospi.o(.text.HAL_OSPIM_Config)
    HAL_OSPI_Abort                           0x080014cd   Thumb Code   290  stm32u5xx_hal_ospi.o(.text.HAL_OSPI_Abort)
    HAL_OSPI_Command                         0x080015f1   Thumb Code   364  stm32u5xx_hal_ospi.o(.text.HAL_OSPI_Command)
    HAL_OSPI_DLYB_SetConfig                  0x0800175d   Thumb Code   118  stm32u5xx_hal_ospi.o(.text.HAL_OSPI_DLYB_SetConfig)
    HAL_OSPI_Init                            0x080017d5   Thumb Code   302  stm32u5xx_hal_ospi.o(.text.HAL_OSPI_Init)
    HAL_OSPI_MspInit                         0x08001905   Thumb Code   246  octospi.o(.text.HAL_OSPI_MspInit)
    HAL_OSPI_Receive                         0x080019fd   Thumb Code   398  stm32u5xx_hal_ospi.o(.text.HAL_OSPI_Receive)
    HAL_OSPI_Transmit                        0x08001b8d   Thumb Code   346  stm32u5xx_hal_ospi.o(.text.HAL_OSPI_Transmit)
    HAL_PCDEx_ActivateLPM                    0x08001ce9   Thumb Code    38  stm32u5xx_hal_pcd_ex.o(.text.HAL_PCDEx_ActivateLPM)
    HAL_PCDEx_LPM_Callback                   0x08001d11   Thumb Code     2  stm32u5xx_hal_pcd_ex.o(.text.HAL_PCDEx_LPM_Callback)
    HAL_PCD_ConnectCallback                  0x08001d15   Thumb Code     2  stm32u5xx_hal_pcd.o(.text.HAL_PCD_ConnectCallback)
    HAL_PCD_DataInStageCallback              0x08001d19   Thumb Code     2  stm32u5xx_hal_pcd.o(.text.HAL_PCD_DataInStageCallback)
    HAL_PCD_DataOutStageCallback             0x08001d1d   Thumb Code     2  stm32u5xx_hal_pcd.o(.text.HAL_PCD_DataOutStageCallback)
    HAL_PCD_DisconnectCallback               0x08001d21   Thumb Code     2  stm32u5xx_hal_pcd.o(.text.HAL_PCD_DisconnectCallback)
    HAL_PCD_IRQHandler                       0x08001d25   Thumb Code  2458  stm32u5xx_hal_pcd.o(.text.HAL_PCD_IRQHandler)
    HAL_PCD_ISOINIncompleteCallback          0x080026c1   Thumb Code     2  stm32u5xx_hal_pcd.o(.text.HAL_PCD_ISOINIncompleteCallback)
    HAL_PCD_ISOOUTIncompleteCallback         0x080026c5   Thumb Code     2  stm32u5xx_hal_pcd.o(.text.HAL_PCD_ISOOUTIncompleteCallback)
    HAL_PCD_Init                             0x080026c9   Thumb Code   318  stm32u5xx_hal_pcd.o(.text.HAL_PCD_Init)
    HAL_PCD_MspInit                          0x08002809   Thumb Code   196  usb_otg.o(.text.HAL_PCD_MspInit)
    HAL_PCD_ResetCallback                    0x080028cd   Thumb Code     2  stm32u5xx_hal_pcd.o(.text.HAL_PCD_ResetCallback)
    HAL_PCD_ResumeCallback                   0x080028d1   Thumb Code     2  stm32u5xx_hal_pcd.o(.text.HAL_PCD_ResumeCallback)
    HAL_PCD_SOFCallback                      0x080028d5   Thumb Code     2  stm32u5xx_hal_pcd.o(.text.HAL_PCD_SOFCallback)
    HAL_PCD_SetupStageCallback               0x080028d9   Thumb Code     2  stm32u5xx_hal_pcd.o(.text.HAL_PCD_SetupStageCallback)
    HAL_PCD_SuspendCallback                  0x080028dd   Thumb Code     2  stm32u5xx_hal_pcd.o(.text.HAL_PCD_SuspendCallback)
    HAL_PWREx_ConfigSupply                   0x080028e1   Thumb Code   192  stm32u5xx_hal_pwr_ex.o(.text.HAL_PWREx_ConfigSupply)
    HAL_PWREx_ControlVoltageScaling          0x080029a1   Thumb Code   226  stm32u5xx_hal_pwr_ex.o(.text.HAL_PWREx_ControlVoltageScaling)
    HAL_PWREx_EnableVddIO2                   0x08002a85   Thumb Code    18  stm32u5xx_hal_pwr_ex.o(.text.HAL_PWREx_EnableVddIO2)
    HAL_PWREx_EnableVddUSB                   0x08002a99   Thumb Code    18  stm32u5xx_hal_pwr_ex.o(.text.HAL_PWREx_EnableVddUSB)
    HAL_PWREx_GetVoltageRange                0x08002aad   Thumb Code    16  stm32u5xx_hal_pwr_ex.o(.text.HAL_PWREx_GetVoltageRange)
    HAL_RCCEx_GetPLL1ClockFreq               0x08002abd   Thumb Code   408  stm32u5xx_hal_rcc_ex.o(.text.HAL_RCCEx_GetPLL1ClockFreq)
    HAL_RCCEx_GetPLL2ClockFreq               0x08002c55   Thumb Code   408  stm32u5xx_hal_rcc_ex.o(.text.HAL_RCCEx_GetPLL2ClockFreq)
    HAL_RCCEx_GetPLL3ClockFreq               0x08002ded   Thumb Code   408  stm32u5xx_hal_rcc_ex.o(.text.HAL_RCCEx_GetPLL3ClockFreq)
    HAL_RCCEx_GetPeriphCLKFreq               0x08002f85   Thumb Code  2306  stm32u5xx_hal_rcc_ex.o(.text.HAL_RCCEx_GetPeriphCLKFreq)
    HAL_RCCEx_PeriphCLKConfig                0x08003889   Thumb Code  1622  stm32u5xx_hal_rcc_ex.o(.text.HAL_RCCEx_PeriphCLKConfig)
    HAL_RCC_ClockConfig                      0x08003ee1   Thumb Code   766  stm32u5xx_hal_rcc.o(.text.HAL_RCC_ClockConfig)
    HAL_RCC_GetHCLKFreq                      0x080041e1   Thumb Code    44  stm32u5xx_hal_rcc.o(.text.HAL_RCC_GetHCLKFreq)
    HAL_RCC_GetPCLK1Freq                     0x0800420d   Thumb Code    62  stm32u5xx_hal_rcc.o(.text.HAL_RCC_GetPCLK1Freq)
    HAL_RCC_GetPCLK2Freq                     0x0800424d   Thumb Code    62  stm32u5xx_hal_rcc.o(.text.HAL_RCC_GetPCLK2Freq)
    HAL_RCC_GetPCLK3Freq                     0x0800428d   Thumb Code    62  stm32u5xx_hal_rcc.o(.text.HAL_RCC_GetPCLK3Freq)
    HAL_RCC_GetSysClockFreq                  0x080042cd   Thumb Code   264  stm32u5xx_hal_rcc.o(.text.HAL_RCC_GetSysClockFreq)
    HAL_RCC_OscConfig                        0x080043d5   Thumb Code  2876  stm32u5xx_hal_rcc.o(.text.HAL_RCC_OscConfig)
    HAL_SPIEx_SetConfigAutonomousMode        0x08004f11   Thumb Code    72  stm32u5xx_hal_spi_ex.o(.text.HAL_SPIEx_SetConfigAutonomousMode)
    HAL_SPI_Init                             0x08004f59   Thumb Code   348  stm32u5xx_hal_spi.o(.text.HAL_SPI_Init)
    HAL_SPI_MspInit                          0x080050b5   Thumb Code   136  spi.o(.text.HAL_SPI_MspInit)
    HAL_SYSTICK_Config                       0x0800513d   Thumb Code    44  stm32u5xx_hal_cortex.o(.text.HAL_SYSTICK_Config)
    HAL_UARTEx_DisableFifoMode               0x08005169   Thumb Code    54  stm32u5xx_hal_uart_ex.o(.text.HAL_UARTEx_DisableFifoMode)
    HAL_UARTEx_SetRxFifoThreshold            0x080051a1   Thumb Code   140  stm32u5xx_hal_uart_ex.o(.text.HAL_UARTEx_SetRxFifoThreshold)
    HAL_UARTEx_SetTxFifoThreshold            0x0800522d   Thumb Code   140  stm32u5xx_hal_uart_ex.o(.text.HAL_UARTEx_SetTxFifoThreshold)
    HAL_UART_Init                            0x080052b9   Thumb Code   202  stm32u5xx_hal_uart.o(.text.HAL_UART_Init)
    HAL_UART_MspInit                         0x08005385   Thumb Code   138  usart.o(.text.HAL_UART_MspInit)
    HardFault_Handler                        0x08005411   Thumb Code     2  stm32u5xx_it.o(.text.HardFault_Handler)
    ICACHE_IRQHandler                        0x08005415   Thumb Code     4  stm32u5xx_it.o(.text.ICACHE_IRQHandler)
    LL_DLYB_SetDelay                         0x08005419   Thumb Code    28  stm32u5xx_ll_dlyb.o(.text.LL_DLYB_SetDelay)
    LL_GPIO_Init                             0x08005435   Thumb Code   200  stm32u5xx_ll_gpio.o(.text.LL_GPIO_Init)
    MX_ADC1_Init                             0x080054fd   Thumb Code    82  adc.o(.text.MX_ADC1_Init)
    MX_GPIO_Init                             0x08005551   Thumb Code   454  gpio.o(.text.MX_GPIO_Init)
    MX_ICACHE_Init                           0x08005719   Thumb Code    34  icache.o(.text.MX_ICACHE_Init)
    MX_OCTOSPI1_Init                         0x0800573d   Thumb Code   156  octospi.o(.text.MX_OCTOSPI1_Init)
    MX_SPI1_Init                             0x080057d9   Thumb Code   130  spi.o(.text.MX_SPI1_Init)
    MX_UCPD1_Init                            0x0800585d   Thumb Code   130  ucpd.o(.text.MX_UCPD1_Init)
    MX_USART1_UART_Init                      0x080058e1   Thumb Code   132  usart.o(.text.MX_USART1_UART_Init)
    MX_USB_OTG_FS_PCD_Init                   0x08005965   Thumb Code    58  usb_otg.o(.text.MX_USB_OTG_FS_PCD_Init)
    MemManage_Handler                        0x080059a1   Thumb Code     2  stm32u5xx_it.o(.text.MemManage_Handler)
    NMI_Handler                              0x080059a5   Thumb Code     2  stm32u5xx_it.o(.text.NMI_Handler)
    OSPI_READ_W25M02IG                       0x08005b8d   Thumb Code   542  octospi.o(.text.OSPI_READ_W25M02IG)
    OSPI_WRITE_W25M02IG                      0x08005dad   Thumb Code   560  octospi.o(.text.OSPI_WRITE_W25M02IG)
    OTG_FS_IRQHandler                        0x08005fdd   Thumb Code    12  stm32u5xx_it.o(.text.OTG_FS_IRQHandler)
    PendSV_Handler                           0x08005fe9   Thumb Code     2  stm32u5xx_it.o(.text.PendSV_Handler)
    SVC_Handler                              0x080061dd   Thumb Code     2  stm32u5xx_it.o(.text.SVC_Handler)
    SysTick_Handler                          0x080061e1   Thumb Code     4  stm32u5xx_it.o(.text.SysTick_Handler)
    SystemClock_Config                       0x080061e5   Thumb Code   178  main.o(.text.SystemClock_Config)
    SystemInit                               0x08006299   Thumb Code    76  system_stm32u5xx.o(.text.SystemInit)
    UART_AdvFeatureConfig                    0x080062e5   Thumb Code   232  stm32u5xx_hal_uart.o(.text.UART_AdvFeatureConfig)
    UART_SetConfig                           0x080063cd   Thumb Code   522  stm32u5xx_hal_uart.o(.text.UART_SetConfig)
    UART_WaitOnFlagUntilTimeout              0x080065d9   Thumb Code   534  stm32u5xx_hal_uart.o(.text.UART_WaitOnFlagUntilTimeout)
    USB_ActivateSetup                        0x080067f1   Thumb Code    32  stm32u5xx_ll_usb.o(.text.USB_ActivateSetup)
    USB_CoreInit                             0x08006811   Thumb Code   250  stm32u5xx_ll_usb.o(.text.USB_CoreInit)
    USB_DevDisconnect                        0x0800690d   Thumb Code    30  stm32u5xx_ll_usb.o(.text.USB_DevDisconnect)
    USB_DevInit                              0x0800692d   Thumb Code  1138  stm32u5xx_ll_usb.o(.text.USB_DevInit)
    USB_DisableGlobalInt                     0x08006da1   Thumb Code    14  stm32u5xx_ll_usb.o(.text.USB_DisableGlobalInt)
    USB_EP0_OutStart                         0x08006db1   Thumb Code    90  stm32u5xx_ll_usb.o(.text.USB_EP0_OutStart)
    USB_EPStopXfer                           0x08006e0d   Thumb Code   270  stm32u5xx_ll_usb.o(.text.USB_EPStopXfer)
    USB_FlushTxFifo                          0x08006f1d   Thumb Code   182  stm32u5xx_ll_usb.o(.text.USB_FlushTxFifo)
    USB_GetDevSpeed                          0x08006fd5   Thumb Code    26  stm32u5xx_ll_usb.o(.text.USB_GetDevSpeed)
    USB_GetMode                              0x08006ff1   Thumb Code     8  stm32u5xx_ll_usb.o(.text.USB_GetMode)
    USB_ReadDevAllInEpInterrupt              0x08006ff9   Thumb Code    14  stm32u5xx_ll_usb.o(.text.USB_ReadDevAllInEpInterrupt)
    USB_ReadDevAllOutEpInterrupt             0x08007009   Thumb Code    14  stm32u5xx_ll_usb.o(.text.USB_ReadDevAllOutEpInterrupt)
    USB_ReadDevInEPInterrupt                 0x08007019   Thumb Code    36  stm32u5xx_ll_usb.o(.text.USB_ReadDevInEPInterrupt)
    USB_ReadDevOutEPInterrupt                0x0800703d   Thumb Code    16  stm32u5xx_ll_usb.o(.text.USB_ReadDevOutEPInterrupt)
    USB_ReadInterrupts                       0x0800704d   Thumb Code     8  stm32u5xx_ll_usb.o(.text.USB_ReadInterrupts)
    USB_ReadPacket                           0x08007055   Thumb Code   170  stm32u5xx_ll_usb.o(.text.USB_ReadPacket)
    USB_SetCurrentMode                       0x08007101   Thumb Code   100  stm32u5xx_ll_usb.o(.text.USB_SetCurrentMode)
    USB_SetTurnaroundTime                    0x08007165   Thumb Code   288  stm32u5xx_ll_usb.o(.text.USB_SetTurnaroundTime)
    USB_WritePacket                          0x08007285   Thumb Code   110  stm32u5xx_ll_usb.o(.text.USB_WritePacket)
    UsageFault_Handler                       0x080072f5   Thumb Code     2  stm32u5xx_it.o(.text.UsageFault_Handler)
    main                                     0x080072f9   Thumb Code    74  main.o(.text.main)
    _fp_init                                 0x08007343   Thumb Code    26  fpinit.o(x$fpl$fpinit)
    __fplib_config_fpu_vfp                   0x0800735b   Thumb Code     0  fpinit.o(x$fpl$fpinit)
    __fplib_config_pureend_doubles           0x0800735b   Thumb Code     0  fpinit.o(x$fpl$fpinit)
    AHBPrescTable                            0x0800735c   Data          16  system_stm32u5xx.o(.rodata.AHBPrescTable)
    APBPrescTable                            0x0800736c   Data           8  system_stm32u5xx.o(.rodata.APBPrescTable)
    MSIRangeTable                            0x080073f4   Data          64  system_stm32u5xx.o(.rodata.MSIRangeTable)
    UARTPrescTable                           0x08007434   Data          24  stm32u5xx_hal_uart.o(.rodata.UARTPrescTable)
    Region$$Table$$Base                      0x0800745c   Number         0  anon$$obj.o(Region$$Table)
    Region$$Table$$Limit                     0x0800747c   Number         0  anon$$obj.o(Region$$Table)
    uwTickFreq                               0x20000000   Data           1  stm32u5xx_hal.o(.data..L_MergedGlobals)
    uwTickPrio                               0x20000004   Data           4  stm32u5xx_hal.o(.data..L_MergedGlobals)
    SystemCoreClock                          0x20000008   Data           4  system_stm32u5xx.o(.data.SystemCoreClock)
    __libspace_start                         0x20000010   Data          96  libspace.o(.bss)
    __temporary_stack_top$libspace           0x20000070   Data           0  libspace.o(.bss)
    hadc1                                    0x20000070   Data         140  adc.o(.bss.hadc1)
    hospi1                                   0x200000fc   Data          92  octospi.o(.bss.hospi1)
    hpcd_USB_OTG_FS                          0x20000158   Data        1292  usb_otg.o(.bss.hpcd_USB_OTG_FS)
    hspi1                                    0x20000664   Data         144  spi.o(.bss.hspi1)
    huart1                                   0x200006f4   Data         144  usart.o(.bss.huart1)
    uwTick                                   0x20000784   Data           4  stm32u5xx_hal.o(.bss.uwTick)



==============================================================================

Memory Map of the image

  Image Entry point : 0x08000235

  Load Region LR_IROM1 (Base: 0x08000000, Size: 0x00007490, Max: 0x00200000, ABSOLUTE)

    Execution Region ER_IROM1 (Exec base: 0x08000000, Load base: 0x08000000, Size: 0x0000747c, Max: 0x00200000, ABSOLUTE)

    Exec Addr    Load Addr    Size         Type   Attr      Idx    E Section Name        Object

    0x08000000   0x08000000   0x00000234   Data   RO            3    RESET               startup_stm32u575xx.o
    0x08000234   0x08000234   0x00000008   Code   RO         1788  * !!!main             c_w.l(__main.o)
    0x0800023c   0x0800023c   0x00000034   Code   RO         1963    !!!scatter          c_w.l(__scatter.o)
    0x08000270   0x08000270   0x0000001a   Code   RO         1965    !!handler_copy      c_w.l(__scatter_copy.o)
    0x0800028a   0x0800028a   0x00000002   PAD
    0x0800028c   0x0800028c   0x0000001c   Code   RO         1967    !!handler_zi        c_w.l(__scatter_zi.o)
    0x080002a8   0x080002a8   0x00000002   Code   RO         1825    .ARM.Collect$$libinit$$00000000  c_w.l(libinit.o)
    0x080002aa   0x080002aa   0x00000004   Code   RO         1837    .ARM.Collect$$libinit$$00000001  c_w.l(libinit2.o)
    0x080002ae   0x080002ae   0x00000000   Code   RO         1840    .ARM.Collect$$libinit$$00000004  c_w.l(libinit2.o)
    0x080002ae   0x080002ae   0x00000000   Code   RO         1842    .ARM.Collect$$libinit$$00000006  c_w.l(libinit2.o)
    0x080002ae   0x080002ae   0x00000000   Code   RO         1845    .ARM.Collect$$libinit$$0000000C  c_w.l(libinit2.o)
    0x080002ae   0x080002ae   0x00000000   Code   RO         1847    .ARM.Collect$$libinit$$0000000E  c_w.l(libinit2.o)
    0x080002ae   0x080002ae   0x00000000   Code   RO         1849    .ARM.Collect$$libinit$$00000010  c_w.l(libinit2.o)
    0x080002ae   0x080002ae   0x00000000   Code   RO         1852    .ARM.Collect$$libinit$$00000013  c_w.l(libinit2.o)
    0x080002ae   0x080002ae   0x00000000   Code   RO         1854    .ARM.Collect$$libinit$$00000015  c_w.l(libinit2.o)
    0x080002ae   0x080002ae   0x00000000   Code   RO         1856    .ARM.Collect$$libinit$$00000017  c_w.l(libinit2.o)
    0x080002ae   0x080002ae   0x00000000   Code   RO         1858    .ARM.Collect$$libinit$$00000019  c_w.l(libinit2.o)
    0x080002ae   0x080002ae   0x00000000   Code   RO         1860    .ARM.Collect$$libinit$$0000001B  c_w.l(libinit2.o)
    0x080002ae   0x080002ae   0x00000000   Code   RO         1862    .ARM.Collect$$libinit$$0000001D  c_w.l(libinit2.o)
    0x080002ae   0x080002ae   0x00000000   Code   RO         1864    .ARM.Collect$$libinit$$0000001F  c_w.l(libinit2.o)
    0x080002ae   0x080002ae   0x00000000   Code   RO         1866    .ARM.Collect$$libinit$$00000021  c_w.l(libinit2.o)
    0x080002ae   0x080002ae   0x00000000   Code   RO         1868    .ARM.Collect$$libinit$$00000023  c_w.l(libinit2.o)
    0x080002ae   0x080002ae   0x00000000   Code   RO         1870    .ARM.Collect$$libinit$$00000025  c_w.l(libinit2.o)
    0x080002ae   0x080002ae   0x00000000   Code   RO         1872    .ARM.Collect$$libinit$$00000027  c_w.l(libinit2.o)
    0x080002ae   0x080002ae   0x00000000   Code   RO         1876    .ARM.Collect$$libinit$$0000002E  c_w.l(libinit2.o)
    0x080002ae   0x080002ae   0x00000000   Code   RO         1878    .ARM.Collect$$libinit$$00000030  c_w.l(libinit2.o)
    0x080002ae   0x080002ae   0x00000000   Code   RO         1880    .ARM.Collect$$libinit$$00000032  c_w.l(libinit2.o)
    0x080002ae   0x080002ae   0x00000000   Code   RO         1882    .ARM.Collect$$libinit$$00000034  c_w.l(libinit2.o)
    0x080002ae   0x080002ae   0x00000002   Code   RO         1883    .ARM.Collect$$libinit$$00000035  c_w.l(libinit2.o)
    0x080002b0   0x080002b0   0x00000002   Code   RO         1918    .ARM.Collect$$libshutdown$$00000000  c_w.l(libshutdown.o)
    0x080002b2   0x080002b2   0x00000000   Code   RO         1946    .ARM.Collect$$libshutdown$$00000002  c_w.l(libshutdown2.o)
    0x080002b2   0x080002b2   0x00000000   Code   RO         1948    .ARM.Collect$$libshutdown$$00000004  c_w.l(libshutdown2.o)
    0x080002b2   0x080002b2   0x00000000   Code   RO         1951    .ARM.Collect$$libshutdown$$00000007  c_w.l(libshutdown2.o)
    0x080002b2   0x080002b2   0x00000000   Code   RO         1954    .ARM.Collect$$libshutdown$$0000000A  c_w.l(libshutdown2.o)
    0x080002b2   0x080002b2   0x00000000   Code   RO         1956    .ARM.Collect$$libshutdown$$0000000C  c_w.l(libshutdown2.o)
    0x080002b2   0x080002b2   0x00000000   Code   RO         1959    .ARM.Collect$$libshutdown$$0000000F  c_w.l(libshutdown2.o)
    0x080002b2   0x080002b2   0x00000002   Code   RO         1960    .ARM.Collect$$libshutdown$$00000010  c_w.l(libshutdown2.o)
    0x080002b4   0x080002b4   0x00000000   Code   RO         1790    .ARM.Collect$$rtentry$$00000000  c_w.l(__rtentry.o)
    0x080002b4   0x080002b4   0x00000000   Code   RO         1796    .ARM.Collect$$rtentry$$00000002  c_w.l(__rtentry2.o)
    0x080002b4   0x080002b4   0x00000006   Code   RO         1808    .ARM.Collect$$rtentry$$00000004  c_w.l(__rtentry4.o)
    0x080002ba   0x080002ba   0x00000000   Code   RO         1798    .ARM.Collect$$rtentry$$00000009  c_w.l(__rtentry2.o)
    0x080002ba   0x080002ba   0x00000004   Code   RO         1799    .ARM.Collect$$rtentry$$0000000A  c_w.l(__rtentry2.o)
    0x080002be   0x080002be   0x00000000   Code   RO         1801    .ARM.Collect$$rtentry$$0000000C  c_w.l(__rtentry2.o)
    0x080002be   0x080002be   0x00000008   Code   RO         1802    .ARM.Collect$$rtentry$$0000000D  c_w.l(__rtentry2.o)
    0x080002c6   0x080002c6   0x00000002   Code   RO         1829    .ARM.Collect$$rtexit$$00000000  c_w.l(rtexit.o)
    0x080002c8   0x080002c8   0x00000000   Code   RO         1889    .ARM.Collect$$rtexit$$00000002  c_w.l(rtexit2.o)
    0x080002c8   0x080002c8   0x00000004   Code   RO         1890    .ARM.Collect$$rtexit$$00000003  c_w.l(rtexit2.o)
    0x080002cc   0x080002cc   0x00000006   Code   RO         1891    .ARM.Collect$$rtexit$$00000004  c_w.l(rtexit2.o)
    0x080002d2   0x080002d2   0x00000002   PAD
    0x080002d4   0x080002d4   0x00000044   Code   RO            4    .text               startup_stm32u575xx.o
    0x08000318   0x08000318   0x000000f0   Code   RO         1782    .text               c_w.l(lludivv7m.o)
    0x08000408   0x08000408   0x0000004e   Code   RO         1784    .text               c_w.l(rt_memclr_w.o)
    0x08000456   0x08000456   0x00000006   Code   RO         1786    .text               c_w.l(heapauxi.o)
    0x0800045c   0x0800045c   0x0000004a   Code   RO         1812    .text               c_w.l(sys_stackheap_outer.o)
    0x080004a6   0x080004a6   0x00000012   Code   RO         1814    .text               c_w.l(exit.o)
    0x080004b8   0x080004b8   0x00000008   Code   RO         1826    .text               c_w.l(libspace.o)
    0x080004c0   0x080004c0   0x0000000c   Code   RO         1884    .text               c_w.l(sys_exit.o)
    0x080004cc   0x080004cc   0x00000002   Code   RO         1907    .text               c_w.l(use_no_semi.o)
    0x080004ce   0x080004ce   0x00000000   Code   RO         1909    .text               c_w.l(indicate_semi.o)
    0x080004ce   0x080004ce   0x00000002   PAD
    0x080004d0   0x080004d0   0x00000002   Code   RO          169    .text.BusFault_Handler  stm32u5xx_it.o
    0x080004d2   0x080004d2   0x00000002   PAD
    0x080004d4   0x080004d4   0x00000002   Code   RO          175    .text.DebugMon_Handler  stm32u5xx_it.o
    0x080004d6   0x080004d6   0x00000002   PAD
    0x080004d8   0x080004d8   0x0000000a   Code   RO           15    .text.Error_Handler  main.o
    0x080004e2   0x080004e2   0x00000002   PAD
    0x080004e4   0x080004e4   0x0000040c   Code   RO          238    .text.HAL_ADC_Init  stm32u5xx_hal_adc.o
    0x080008f0   0x080008f0   0x0000008c   Code   RO           38    .text.HAL_ADC_MspInit  adc.o
    0x0800097c   0x0800097c   0x000000a8   Code   RO          364    .text.HAL_DMA_Abort  stm32u5xx_hal_dma.o
    0x08000a24   0x08000a24   0x00000028   Code   RO          493    .text.HAL_Delay     stm32u5xx_hal.o
    0x08000a4c   0x08000a4c   0x00000252   Code   RO          788    .text.HAL_GPIO_Init  stm32u5xx_hal_gpio.o
    0x08000c9e   0x08000c9e   0x00000002   PAD
    0x08000ca0   0x08000ca0   0x00000010   Code   RO          796    .text.HAL_GPIO_TogglePin  stm32u5xx_hal_gpio.o
    0x08000cb0   0x08000cb0   0x0000000c   Code   RO          794    .text.HAL_GPIO_WritePin  stm32u5xx_hal_gpio.o
    0x08000cbc   0x08000cbc   0x0000000c   Code   RO          485    .text.HAL_GetTick   stm32u5xx_hal.o
    0x08000cc8   0x08000cc8   0x00000020   Code   RO         1026    .text.HAL_ICACHE_ConfigAssociativityMode  stm32u5xx_hal_icache.o
    0x08000ce8   0x08000ce8   0x00000014   Code   RO         1038    .text.HAL_ICACHE_Enable  stm32u5xx_hal_icache.o
    0x08000cfc   0x08000cfc   0x00000002   Code   RO         1056    .text.HAL_ICACHE_ErrorCallback  stm32u5xx_hal_icache.o
    0x08000cfe   0x08000cfe   0x00000002   PAD
    0x08000d00   0x08000d00   0x00000042   Code   RO         1054    .text.HAL_ICACHE_IRQHandler  stm32u5xx_hal_icache.o
    0x08000d42   0x08000d42   0x00000002   PAD
    0x08000d44   0x08000d44   0x00000002   Code   RO         1058    .text.HAL_ICACHE_InvalidateCompleteCallback  stm32u5xx_hal_icache.o
    0x08000d46   0x08000d46   0x00000002   PAD
    0x08000d48   0x08000d48   0x0000001a   Code   RO          483    .text.HAL_IncTick   stm32u5xx_hal.o
    0x08000d62   0x08000d62   0x00000002   PAD
    0x08000d64   0x08000d64   0x00000056   Code   RO          473    .text.HAL_Init      stm32u5xx_hal.o
    0x08000dba   0x08000dba   0x00000002   PAD
    0x08000dbc   0x08000dbc   0x0000004e   Code   RO          475    .text.HAL_InitTick  stm32u5xx_hal.o
    0x08000e0a   0x08000e0a   0x00000002   PAD
    0x08000e0c   0x08000e0c   0x0000003a   Code   RO          192    .text.HAL_MspInit   stm32u5xx_hal_msp.o
    0x08000e46   0x08000e46   0x00000002   PAD
    0x08000e48   0x08000e48   0x00000026   Code   RO          677    .text.HAL_NVIC_EnableIRQ  stm32u5xx_hal_cortex.o
    0x08000e6e   0x08000e6e   0x00000002   PAD
    0x08000e70   0x08000e70   0x00000056   Code   RO          675    .text.HAL_NVIC_SetPriority  stm32u5xx_hal_cortex.o
    0x08000ec6   0x08000ec6   0x00000002   PAD
    0x08000ec8   0x08000ec8   0x00000020   Code   RO          673    .text.HAL_NVIC_SetPriorityGrouping  stm32u5xx_hal_cortex.o
    0x08000ee8   0x08000ee8   0x000005e2   Code   RO         1150    .text.HAL_OSPIM_Config  stm32u5xx_hal_ospi.o
    0x080014ca   0x080014ca   0x00000002   PAD
    0x080014cc   0x080014cc   0x00000122   Code   RO         1138    .text.HAL_OSPI_Abort  stm32u5xx_hal_ospi.o
    0x080015ee   0x080015ee   0x00000002   PAD
    0x080015f0   0x080015f0   0x0000016c   Code   RO         1100    .text.HAL_OSPI_Command  stm32u5xx_hal_ospi.o
    0x0800175c   0x0800175c   0x00000076   Code   RO         1152    .text.HAL_OSPI_DLYB_SetConfig  stm32u5xx_hal_ospi.o
    0x080017d2   0x080017d2   0x00000002   PAD
    0x080017d4   0x080017d4   0x0000012e   Code   RO         1070    .text.HAL_OSPI_Init  stm32u5xx_hal_ospi.o
    0x08001902   0x08001902   0x00000002   PAD
    0x08001904   0x08001904   0x000000f6   Code   RO           61    .text.HAL_OSPI_MspInit  octospi.o
    0x080019fa   0x080019fa   0x00000002   PAD
    0x080019fc   0x080019fc   0x0000018e   Code   RO         1112    .text.HAL_OSPI_Receive  stm32u5xx_hal_ospi.o
    0x08001b8a   0x08001b8a   0x00000002   PAD
    0x08001b8c   0x08001b8c   0x0000015a   Code   RO         1110    .text.HAL_OSPI_Transmit  stm32u5xx_hal_ospi.o
    0x08001ce6   0x08001ce6   0x00000002   PAD
    0x08001ce8   0x08001ce8   0x00000026   Code   RO         1639    .text.HAL_PCDEx_ActivateLPM  stm32u5xx_hal_pcd_ex.o
    0x08001d0e   0x08001d0e   0x00000002   PAD
    0x08001d10   0x08001d10   0x00000002   Code   RO         1651    .text.HAL_PCDEx_LPM_Callback  stm32u5xx_hal_pcd_ex.o
    0x08001d12   0x08001d12   0x00000002   PAD
    0x08001d14   0x08001d14   0x00000002   Code   RO         1589    .text.HAL_PCD_ConnectCallback  stm32u5xx_hal_pcd.o
    0x08001d16   0x08001d16   0x00000002   PAD
    0x08001d18   0x08001d18   0x00000002   Code   RO         1575    .text.HAL_PCD_DataInStageCallback  stm32u5xx_hal_pcd.o
    0x08001d1a   0x08001d1a   0x00000002   PAD
    0x08001d1c   0x08001d1c   0x00000002   Code   RO         1593    .text.HAL_PCD_DataOutStageCallback  stm32u5xx_hal_pcd.o
    0x08001d1e   0x08001d1e   0x00000002   PAD
    0x08001d20   0x08001d20   0x00000002   Code   RO         1591    .text.HAL_PCD_DisconnectCallback  stm32u5xx_hal_pcd.o
    0x08001d22   0x08001d22   0x00000002   PAD
    0x08001d24   0x08001d24   0x0000099a   Code   RO         1571    .text.HAL_PCD_IRQHandler  stm32u5xx_hal_pcd.o
    0x080026be   0x080026be   0x00000002   PAD
    0x080026c0   0x080026c0   0x00000002   Code   RO         1577    .text.HAL_PCD_ISOINIncompleteCallback  stm32u5xx_hal_pcd.o
    0x080026c2   0x080026c2   0x00000002   PAD
    0x080026c4   0x080026c4   0x00000002   Code   RO         1573    .text.HAL_PCD_ISOOUTIncompleteCallback  stm32u5xx_hal_pcd.o
    0x080026c6   0x080026c6   0x00000002   PAD
    0x080026c8   0x080026c8   0x0000013e   Code   RO         1559    .text.HAL_PCD_Init  stm32u5xx_hal_pcd.o
    0x08002806   0x08002806   0x00000002   PAD
    0x08002808   0x08002808   0x000000c4   Code   RO          150    .text.HAL_PCD_MspInit  usb_otg.o
    0x080028cc   0x080028cc   0x00000002   Code   RO         1583    .text.HAL_PCD_ResetCallback  stm32u5xx_hal_pcd.o
    0x080028ce   0x080028ce   0x00000002   PAD
    0x080028d0   0x080028d0   0x00000002   Code   RO         1579    .text.HAL_PCD_ResumeCallback  stm32u5xx_hal_pcd.o
    0x080028d2   0x080028d2   0x00000002   PAD
    0x080028d4   0x080028d4   0x00000002   Code   RO         1585    .text.HAL_PCD_SOFCallback  stm32u5xx_hal_pcd.o
    0x080028d6   0x080028d6   0x00000002   PAD
    0x080028d8   0x080028d8   0x00000002   Code   RO         1595    .text.HAL_PCD_SetupStageCallback  stm32u5xx_hal_pcd.o
    0x080028da   0x080028da   0x00000002   PAD
    0x080028dc   0x080028dc   0x00000002   Code   RO         1581    .text.HAL_PCD_SuspendCallback  stm32u5xx_hal_pcd.o
    0x080028de   0x080028de   0x00000002   PAD
    0x080028e0   0x080028e0   0x000000c0   Code   RO          899    .text.HAL_PWREx_ConfigSupply  stm32u5xx_hal_pwr_ex.o
    0x080029a0   0x080029a0   0x000000e2   Code   RO          895    .text.HAL_PWREx_ControlVoltageScaling  stm32u5xx_hal_pwr_ex.o
    0x08002a82   0x08002a82   0x00000002   PAD
    0x08002a84   0x08002a84   0x00000012   Code   RO          931    .text.HAL_PWREx_EnableVddIO2  stm32u5xx_hal_pwr_ex.o
    0x08002a96   0x08002a96   0x00000002   PAD
    0x08002a98   0x08002a98   0x00000012   Code   RO          927    .text.HAL_PWREx_EnableVddUSB  stm32u5xx_hal_pwr_ex.o
    0x08002aaa   0x08002aaa   0x00000002   PAD
    0x08002aac   0x08002aac   0x00000010   Code   RO          897    .text.HAL_PWREx_GetVoltageRange  stm32u5xx_hal_pwr_ex.o
    0x08002abc   0x08002abc   0x00000198   Code   RO          601    .text.HAL_RCCEx_GetPLL1ClockFreq  stm32u5xx_hal_rcc_ex.o
    0x08002c54   0x08002c54   0x00000198   Code   RO          603    .text.HAL_RCCEx_GetPLL2ClockFreq  stm32u5xx_hal_rcc_ex.o
    0x08002dec   0x08002dec   0x00000198   Code   RO          605    .text.HAL_RCCEx_GetPLL3ClockFreq  stm32u5xx_hal_rcc_ex.o
    0x08002f84   0x08002f84   0x00000902   Code   RO          607    .text.HAL_RCCEx_GetPeriphCLKFreq  stm32u5xx_hal_rcc_ex.o
    0x08003886   0x08003886   0x00000002   PAD
    0x08003888   0x08003888   0x00000656   Code   RO          593    .text.HAL_RCCEx_PeriphCLKConfig  stm32u5xx_hal_rcc_ex.o
    0x08003ede   0x08003ede   0x00000002   PAD
    0x08003ee0   0x08003ee0   0x000002fe   Code   RO          557    .text.HAL_RCC_ClockConfig  stm32u5xx_hal_rcc.o
    0x080041de   0x080041de   0x00000002   PAD
    0x080041e0   0x080041e0   0x0000002c   Code   RO          555    .text.HAL_RCC_GetHCLKFreq  stm32u5xx_hal_rcc.o
    0x0800420c   0x0800420c   0x0000003e   Code   RO          563    .text.HAL_RCC_GetPCLK1Freq  stm32u5xx_hal_rcc.o
    0x0800424a   0x0800424a   0x00000002   PAD
    0x0800424c   0x0800424c   0x0000003e   Code   RO          565    .text.HAL_RCC_GetPCLK2Freq  stm32u5xx_hal_rcc.o
    0x0800428a   0x0800428a   0x00000002   PAD
    0x0800428c   0x0800428c   0x0000003e   Code   RO          567    .text.HAL_RCC_GetPCLK3Freq  stm32u5xx_hal_rcc.o
    0x080042ca   0x080042ca   0x00000002   PAD
    0x080042cc   0x080042cc   0x00000108   Code   RO          559    .text.HAL_RCC_GetSysClockFreq  stm32u5xx_hal_rcc.o
    0x080043d4   0x080043d4   0x00000b3c   Code   RO          553    .text.HAL_RCC_OscConfig  stm32u5xx_hal_rcc.o
    0x08004f10   0x08004f10   0x00000048   Code   RO         1286    .text.HAL_SPIEx_SetConfigAutonomousMode  stm32u5xx_hal_spi_ex.o
    0x08004f58   0x08004f58   0x0000015c   Code   RO         1180    .text.HAL_SPI_Init  stm32u5xx_hal_spi.o
    0x080050b4   0x080050b4   0x00000088   Code   RO           89    .text.HAL_SPI_MspInit  spi.o
    0x0800513c   0x0800513c   0x0000002c   Code   RO          685    .text.HAL_SYSTICK_Config  stm32u5xx_hal_cortex.o
    0x08005168   0x08005168   0x00000036   Code   RO         1532    .text.HAL_UARTEx_DisableFifoMode  stm32u5xx_hal_uart_ex.o
    0x0800519e   0x0800519e   0x00000002   PAD
    0x080051a0   0x080051a0   0x0000008c   Code   RO         1536    .text.HAL_UARTEx_SetRxFifoThreshold  stm32u5xx_hal_uart_ex.o
    0x0800522c   0x0800522c   0x0000008c   Code   RO         1534    .text.HAL_UARTEx_SetTxFifoThreshold  stm32u5xx_hal_uart_ex.o
    0x080052b8   0x080052b8   0x000000ca   Code   RO         1373    .text.HAL_UART_Init  stm32u5xx_hal_uart.o
    0x08005382   0x08005382   0x00000002   PAD
    0x08005384   0x08005384   0x0000008a   Code   RO          135    .text.HAL_UART_MspInit  usart.o
    0x0800540e   0x0800540e   0x00000002   PAD
    0x08005410   0x08005410   0x00000002   Code   RO          165    .text.HardFault_Handler  stm32u5xx_it.o
    0x08005412   0x08005412   0x00000002   PAD
    0x08005414   0x08005414   0x00000004   Code   RO          183    .text.ICACHE_IRQHandler  stm32u5xx_it.o
    0x08005418   0x08005418   0x0000001c   Code   RO         1166    .text.LL_DLYB_SetDelay  stm32u5xx_ll_dlyb.o
    0x08005434   0x08005434   0x000000c8   Code   RO         1318    .text.LL_GPIO_Init  stm32u5xx_ll_gpio.o
    0x080054fc   0x080054fc   0x00000052   Code   RO           36    .text.MX_ADC1_Init  adc.o
    0x0800554e   0x0800554e   0x00000002   PAD
    0x08005550   0x08005550   0x000001c6   Code   RO           27    .text.MX_GPIO_Init  gpio.o
    0x08005716   0x08005716   0x00000002   PAD
    0x08005718   0x08005718   0x00000022   Code   RO           51    .text.MX_ICACHE_Init  icache.o
    0x0800573a   0x0800573a   0x00000002   PAD
    0x0800573c   0x0800573c   0x0000009c   Code   RO           59    .text.MX_OCTOSPI1_Init  octospi.o
    0x080057d8   0x080057d8   0x00000082   Code   RO           87    .text.MX_SPI1_Init  spi.o
    0x0800585a   0x0800585a   0x00000002   PAD
    0x0800585c   0x0800585c   0x00000082   Code   RO          124    .text.MX_UCPD1_Init  ucpd.o
    0x080058de   0x080058de   0x00000002   PAD
    0x080058e0   0x080058e0   0x00000084   Code   RO          133    .text.MX_USART1_UART_Init  usart.o
    0x08005964   0x08005964   0x0000003a   Code   RO          148    .text.MX_USB_OTG_FS_PCD_Init  usb_otg.o
    0x0800599e   0x0800599e   0x00000002   PAD
    0x080059a0   0x080059a0   0x00000002   Code   RO          167    .text.MemManage_Handler  stm32u5xx_it.o
    0x080059a2   0x080059a2   0x00000002   PAD
    0x080059a4   0x080059a4   0x00000002   Code   RO          163    .text.NMI_Handler   stm32u5xx_it.o
    0x080059a6   0x080059a6   0x00000002   PAD
    0x080059a8   0x080059a8   0x000001e4   Code   RO         1102    .text.OSPI_ConfigCmd  stm32u5xx_hal_ospi.o
    0x08005b8c   0x08005b8c   0x0000021e   Code   RO           71    .text.OSPI_READ_W25M02IG  octospi.o
    0x08005daa   0x08005daa   0x00000002   PAD
    0x08005dac   0x08005dac   0x00000230   Code   RO           75    .text.OSPI_WRITE_W25M02IG  octospi.o
    0x08005fdc   0x08005fdc   0x0000000c   Code   RO          181    .text.OTG_FS_IRQHandler  stm32u5xx_it.o
    0x08005fe8   0x08005fe8   0x00000002   Code   RO          177    .text.PendSV_Handler  stm32u5xx_it.o
    0x08005fea   0x08005fea   0x00000002   PAD
    0x08005fec   0x08005fec   0x000000f8   Code   RO          595    .text.RCCEx_PLL2_Config  stm32u5xx_hal_rcc_ex.o
    0x080060e4   0x080060e4   0x000000f8   Code   RO          597    .text.RCCEx_PLL3_Config  stm32u5xx_hal_rcc_ex.o
    0x080061dc   0x080061dc   0x00000002   Code   RO          173    .text.SVC_Handler   stm32u5xx_it.o
    0x080061de   0x080061de   0x00000002   PAD
    0x080061e0   0x080061e0   0x00000004   Code   RO          179    .text.SysTick_Handler  stm32u5xx_it.o
    0x080061e4   0x080061e4   0x000000b2   Code   RO           13    .text.SystemClock_Config  main.o
    0x08006296   0x08006296   0x00000002   PAD
    0x08006298   0x08006298   0x0000004c   Code   RO         1765    .text.SystemInit    system_stm32u5xx.o
    0x080062e4   0x080062e4   0x000000e8   Code   RO         1379    .text.UART_AdvFeatureConfig  stm32u5xx_hal_uart.o
    0x080063cc   0x080063cc   0x0000020a   Code   RO         1377    .text.UART_SetConfig  stm32u5xx_hal_uart.o
    0x080065d6   0x080065d6   0x00000002   PAD
    0x080065d8   0x080065d8   0x00000216   Code   RO         1395    .text.UART_WaitOnFlagUntilTimeout  stm32u5xx_hal_uart.o
    0x080067ee   0x080067ee   0x00000002   PAD
    0x080067f0   0x080067f0   0x00000020   Code   RO         1725    .text.USB_ActivateSetup  stm32u5xx_ll_usb.o
    0x08006810   0x08006810   0x000000fa   Code   RO         1661    .text.USB_CoreInit  stm32u5xx_ll_usb.o
    0x0800690a   0x0800690a   0x00000002   PAD
    0x0800690c   0x0800690c   0x0000001e   Code   RO         1711    .text.USB_DevDisconnect  stm32u5xx_ll_usb.o
    0x0800692a   0x0800692a   0x00000002   PAD
    0x0800692c   0x0800692c   0x00000472   Code   RO         1673    .text.USB_DevInit   stm32u5xx_ll_usb.o
    0x08006d9e   0x08006d9e   0x00000002   PAD
    0x08006da0   0x08006da0   0x0000000e   Code   RO         1667    .text.USB_DisableGlobalInt  stm32u5xx_ll_usb.o
    0x08006dae   0x08006dae   0x00000002   PAD
    0x08006db0   0x08006db0   0x0000005a   Code   RO         1727    .text.USB_EP0_OutStart  stm32u5xx_ll_usb.o
    0x08006e0a   0x08006e0a   0x00000002   PAD
    0x08006e0c   0x08006e0c   0x0000010e   Code   RO         1697    .text.USB_EPStopXfer  stm32u5xx_ll_usb.o
    0x08006f1a   0x08006f1a   0x00000002   PAD
    0x08006f1c   0x08006f1c   0x000000b6   Code   RO         1677    .text.USB_FlushTxFifo  stm32u5xx_ll_usb.o
    0x08006fd2   0x08006fd2   0x00000002   PAD
    0x08006fd4   0x08006fd4   0x0000001a   Code   RO         1681    .text.USB_GetDevSpeed  stm32u5xx_ll_usb.o
    0x08006fee   0x08006fee   0x00000002   PAD
    0x08006ff0   0x08006ff0   0x00000008   Code   RO         1671    .text.USB_GetMode   stm32u5xx_ll_usb.o
    0x08006ff8   0x08006ff8   0x0000000e   Code   RO         1717    .text.USB_ReadDevAllInEpInterrupt  stm32u5xx_ll_usb.o
    0x08007006   0x08007006   0x00000002   PAD
    0x08007008   0x08007008   0x0000000e   Code   RO         1715    .text.USB_ReadDevAllOutEpInterrupt  stm32u5xx_ll_usb.o
    0x08007016   0x08007016   0x00000002   PAD
    0x08007018   0x08007018   0x00000024   Code   RO         1721    .text.USB_ReadDevInEPInterrupt  stm32u5xx_ll_usb.o
    0x0800703c   0x0800703c   0x00000010   Code   RO         1719    .text.USB_ReadDevOutEPInterrupt  stm32u5xx_ll_usb.o
    0x0800704c   0x0800704c   0x00000008   Code   RO         1713    .text.USB_ReadInterrupts  stm32u5xx_ll_usb.o
    0x08007054   0x08007054   0x000000aa   Code   RO         1699    .text.USB_ReadPacket  stm32u5xx_ll_usb.o
    0x080070fe   0x080070fe   0x00000002   PAD
    0x08007100   0x08007100   0x00000064   Code   RO         1669    .text.USB_SetCurrentMode  stm32u5xx_ll_usb.o
    0x08007164   0x08007164   0x00000120   Code   RO         1663    .text.USB_SetTurnaroundTime  stm32u5xx_ll_usb.o
    0x08007284   0x08007284   0x0000006e   Code   RO         1693    .text.USB_WritePacket  stm32u5xx_ll_usb.o
    0x080072f2   0x080072f2   0x00000002   PAD
    0x080072f4   0x080072f4   0x00000002   Code   RO          171    .text.UsageFault_Handler  stm32u5xx_it.o
    0x080072f6   0x080072f6   0x00000002   PAD
    0x080072f8   0x080072f8   0x0000004a   Code   RO           11    .text.main          main.o
    0x08007342   0x08007342   0x0000001a   Code   RO         1901    x$fpl$fpinit        fz_wm.l(fpinit.o)
    0x0800735c   0x0800735c   0x00000010   Data   RO         1770    .rodata.AHBPrescTable  system_stm32u5xx.o
    0x0800736c   0x0800736c   0x00000008   Data   RO         1771    .rodata.APBPrescTable  system_stm32u5xx.o
    0x08007374   0x08007374   0x00000080   Data   RO          810    .rodata.LPGPIO_Map  stm32u5xx_hal_gpio.o
    0x080073f4   0x080073f4   0x00000040   Data   RO         1772    .rodata.MSIRangeTable  system_stm32u5xx.o
    0x08007434   0x08007434   0x00000018   Data   RO         1507    .rodata.UARTPrescTable  stm32u5xx_hal_uart.o
    0x0800744c   0x0800744c   0x00000010   Data   RO         1550    .rodata.cst8        stm32u5xx_hal_uart_ex.o
    0x0800745c   0x0800745c   0x00000020   Data   RO         1962    Region$$Table       anon$$obj.o


    Execution Region RW_IRAM1 (Exec base: 0x20000000, Load base: 0x08007480, Size: 0x00000d88, Max: 0x000c0000, ABSOLUTE)

    Exec Addr    Load Addr    Size         Type   Attr      Idx    E Section Name        Object

    0x20000000   0x08007480   0x00000008   Data   RW          540    .data..L_MergedGlobals  stm32u5xx_hal.o
    0x20000008   0x08007488   0x00000004   Data   RW         1769    .data.SystemCoreClock  system_stm32u5xx.o
    0x2000000c   0x0800748c   0x00000004   PAD
    0x20000010        -       0x00000060   Zero   RW         1827    .bss                c_w.l(libspace.o)
    0x20000070        -       0x0000008c   Zero   RW           42    .bss.hadc1          adc.o
    0x200000fc        -       0x0000005c   Zero   RW           77    .bss.hospi1         octospi.o
    0x20000158        -       0x0000050c   Zero   RW          154    .bss.hpcd_USB_OTG_FS  usb_otg.o
    0x20000664        -       0x00000090   Zero   RW          115    .bss.hspi1          spi.o
    0x200006f4        -       0x00000090   Zero   RW          139    .bss.huart1         usart.o
    0x20000784        -       0x00000004   Zero   RW          539    .bss.uwTick         stm32u5xx_hal.o
    0x20000788        -       0x00000200   Zero   RW            2    HEAP                startup_stm32u575xx.o
    0x20000988        -       0x00000400   Zero   RW            1    STACK               startup_stm32u575xx.o


==============================================================================

Image component sizes


      Code (inc. data)   RO Data    RW Data    ZI Data      Debug   Object Name

       222          0          0          0        140       9198   adc.o
       454          0          0          0          0       3226   gpio.o
        34          0          0          0          0        653   icache.o
       262          0          0          0          0       2288   main.o
      1504          0          0          0         92      12561   octospi.o
       266          0          0          0        144      15098   spi.o
        68         28        564          0       1536        944   startup_stm32u575xx.o
       242          0          0          8          4      11449   stm32u5xx_hal.o
      1036          0          0          0          0      31784   stm32u5xx_hal_adc.o
       200          0          0          0          0      14167   stm32u5xx_hal_cortex.o
       168          0          0          0          0      11504   stm32u5xx_hal_dma.o
       622          0        128          0          0       6829   stm32u5xx_hal_gpio.o
       122          0          0          0          0       6635   stm32u5xx_hal_icache.o
        58          0          0          0          0       5038   stm32u5xx_hal_msp.o
      3808          0          0          0          0      33302   stm32u5xx_hal_ospi.o
      2798          0          0          0          0      16730   stm32u5xx_hal_pcd.o
        40          0          0          0          0       6308   stm32u5xx_hal_pcd_ex.o
       470          0          0          0          0      14258   stm32u5xx_hal_pwr_ex.o
      4136         12          0          0          0      15434   stm32u5xx_hal_rcc.o
      5648        296          0          0          0      20939   stm32u5xx_hal_rcc_ex.o
       348          0          0          0          0      24576   stm32u5xx_hal_spi.o
        72          0          0          0          0       6906   stm32u5xx_hal_spi_ex.o
      1490          0         24          0          0      38285   stm32u5xx_hal_uart.o
       334          0         16          0          0      12578   stm32u5xx_hal_uart_ex.o
        36          0          0          0          0       4184   stm32u5xx_it.o
        28          0          0          0          0       2264   stm32u5xx_ll_dlyb.o
       200          0          0          0          0       4689   stm32u5xx_ll_gpio.o
      2796          0          0          0          0      32089   stm32u5xx_ll_usb.o
        76          0         88          4          0       4275   system_stm32u5xx.o
       130          0          0          0          0       3255   ucpd.o
       270          0          0          0        144       8569   usart.o
       254          0          0          0       1292      10219   usb_otg.o

    ----------------------------------------------------------------------
     28342        336        852         12       3356     390234   Object Totals
         0          0         32          0          0          0   (incl. Generated)
       150          0          0          0          4          0   (incl. Padding)

    ----------------------------------------------------------------------

      Code (inc. data)   RO Data    RW Data    ZI Data      Debug   Library Member Name

         8          0          0          0          0         68   __main.o
         0          0          0          0          0          0   __rtentry.o
        12          0          0          0          0          0   __rtentry2.o
         6          0          0          0          0          0   __rtentry4.o
        52          8          0          0          0          0   __scatter.o
        26          0          0          0          0          0   __scatter_copy.o
        28          0          0          0          0          0   __scatter_zi.o
        18          0          0          0          0         80   exit.o
         6          0          0          0          0        152   heapauxi.o
         0          0          0          0          0          0   indicate_semi.o
         2          0          0          0          0          0   libinit.o
         6          0          0          0          0          0   libinit2.o
         2          0          0          0          0          0   libshutdown.o
         2          0          0          0          0          0   libshutdown2.o
         8          4          0          0         96         68   libspace.o
       240          0          0          0          0        100   lludivv7m.o
        78          0          0          0          0         80   rt_memclr_w.o
         2          0          0          0          0          0   rtexit.o
        10          0          0          0          0          0   rtexit2.o
        12          4          0          0          0         68   sys_exit.o
        74          0          0          0          0         80   sys_stackheap_outer.o
         2          0          0          0          0         68   use_no_semi.o
        26          0          0          0          0        116   fpinit.o

    ----------------------------------------------------------------------
       626         16          0          0         96        880   Library Totals
         6          0          0          0          0          0   (incl. Padding)

    ----------------------------------------------------------------------

      Code (inc. data)   RO Data    RW Data    ZI Data      Debug   Library Name

       594         16          0          0         96        764   c_w.l
        26          0          0          0          0        116   fz_wm.l

    ----------------------------------------------------------------------
       626         16          0          0         96        880   Library Totals

    ----------------------------------------------------------------------

==============================================================================


      Code (inc. data)   RO Data    RW Data    ZI Data      Debug   

     28968        352        852         12       3452     390254   Grand Totals
     28968        352        852         12       3452     390254   ELF Image Totals
     28968        352        852         12          0          0   ROM Totals

==============================================================================

    Total RO  Size (Code + RO Data)                29820 (  29.12kB)
    Total RW  Size (RW Data + ZI Data)              3464 (   3.38kB)
    Total ROM Size (Code + RO Data + RW Data)      29832 (  29.13kB)

==============================================================================

